<?xml version="1.0" encoding="ISO-8859-1" ?>
<link_info>
   <banner>MSP430 Linker PC v21.6.0.LTS</banner>
   <copyright>Copyright (c) 2003-2018 Texas Instruments Incorporated</copyright>
   <link_time>0x62a30985</link_time>
   <link_errors>0x0</link_errors>
   <output_file>MP_4-22-Averaging.out</output_file>
   <entry_point>
      <name>_c_int00_noargs</name>
      <address>0x4800</address>
   </entry_point>
   <input_file_list>
      <input_file id="fl-2">
         <path>.\src\</path>
         <kind>object</kind>
         <file>MP_4-22_Template.obj</file>
         <name>MP_4-22_Template.obj</name>
      </input_file>
      <input_file id="fl-8">
         <kind>object</kind>
         <file>&lt;internal&gt;</file>
         <name>&lt;internal&gt;</name>
      </input_file>
      <input_file id="fl-23">
         <path>C:\ti\ccs1110\ccs\tools\compiler\ti-cgt-msp430_21.6.0.LTS\lib\</path>
         <kind>archive</kind>
         <file>rts430x_lc_rd_eabi.lib</file>
         <name>copy_decompress_lzss.c.obj</name>
      </input_file>
      <input_file id="fl-24">
         <path>C:\ti\ccs1110\ccs\tools\compiler\ti-cgt-msp430_21.6.0.LTS\lib\</path>
         <kind>archive</kind>
         <file>rts430x_lc_rd_eabi.lib</file>
         <name>copy_decompress_none.c.obj</name>
      </input_file>
      <input_file id="fl-25">
         <path>C:\ti\ccs1110\ccs\tools\compiler\ti-cgt-msp430_21.6.0.LTS\lib\</path>
         <kind>archive</kind>
         <file>rts430x_lc_rd_eabi.lib</file>
         <name>int30.asm.obj</name>
      </input_file>
      <input_file id="fl-26">
         <path>C:\ti\ccs1110\ccs\tools\compiler\ti-cgt-msp430_21.6.0.LTS\lib\</path>
         <kind>archive</kind>
         <file>rts430x_lc_rd_eabi.lib</file>
         <name>isr_trap.asm.obj</name>
      </input_file>
      <input_file id="fl-27">
         <path>C:\ti\ccs1110\ccs\tools\compiler\ti-cgt-msp430_21.6.0.LTS\lib\</path>
         <kind>archive</kind>
         <file>rts430x_lc_rd_eabi.lib</file>
         <name>int31.asm.obj</name>
      </input_file>
      <input_file id="fl-28">
         <path>C:\ti\ccs1110\ccs\tools\compiler\ti-cgt-msp430_21.6.0.LTS\lib\</path>
         <kind>archive</kind>
         <file>rts430x_lc_rd_eabi.lib</file>
         <name>int32.asm.obj</name>
      </input_file>
      <input_file id="fl-29">
         <path>C:\ti\ccs1110\ccs\tools\compiler\ti-cgt-msp430_21.6.0.LTS\lib\</path>
         <kind>archive</kind>
         <file>rts430x_lc_rd_eabi.lib</file>
         <name>int33.asm.obj</name>
      </input_file>
      <input_file id="fl-2a">
         <path>C:\ti\ccs1110\ccs\tools\compiler\ti-cgt-msp430_21.6.0.LTS\lib\</path>
         <kind>archive</kind>
         <file>rts430x_lc_rd_eabi.lib</file>
         <name>int34.asm.obj</name>
      </input_file>
      <input_file id="fl-2b">
         <path>C:\ti\ccs1110\ccs\tools\compiler\ti-cgt-msp430_21.6.0.LTS\lib\</path>
         <kind>archive</kind>
         <file>rts430x_lc_rd_eabi.lib</file>
         <name>int35.asm.obj</name>
      </input_file>
      <input_file id="fl-2c">
         <path>C:\ti\ccs1110\ccs\tools\compiler\ti-cgt-msp430_21.6.0.LTS\lib\</path>
         <kind>archive</kind>
         <file>rts430x_lc_rd_eabi.lib</file>
         <name>int36.asm.obj</name>
      </input_file>
      <input_file id="fl-2d">
         <path>C:\ti\ccs1110\ccs\tools\compiler\ti-cgt-msp430_21.6.0.LTS\lib\</path>
         <kind>archive</kind>
         <file>rts430x_lc_rd_eabi.lib</file>
         <name>int37.asm.obj</name>
      </input_file>
      <input_file id="fl-2e">
         <path>C:\ti\ccs1110\ccs\tools\compiler\ti-cgt-msp430_21.6.0.LTS\lib\</path>
         <kind>archive</kind>
         <file>rts430x_lc_rd_eabi.lib</file>
         <name>int38.asm.obj</name>
      </input_file>
      <input_file id="fl-2f">
         <path>C:\ti\ccs1110\ccs\tools\compiler\ti-cgt-msp430_21.6.0.LTS\lib\</path>
         <kind>archive</kind>
         <file>rts430x_lc_rd_eabi.lib</file>
         <name>int39.asm.obj</name>
      </input_file>
      <input_file id="fl-30">
         <path>C:\ti\ccs1110\ccs\tools\compiler\ti-cgt-msp430_21.6.0.LTS\lib\</path>
         <kind>archive</kind>
         <file>rts430x_lc_rd_eabi.lib</file>
         <name>int40.asm.obj</name>
      </input_file>
      <input_file id="fl-31">
         <path>C:\ti\ccs1110\ccs\tools\compiler\ti-cgt-msp430_21.6.0.LTS\lib\</path>
         <kind>archive</kind>
         <file>rts430x_lc_rd_eabi.lib</file>
         <name>int41.asm.obj</name>
      </input_file>
      <input_file id="fl-32">
         <path>C:\ti\ccs1110\ccs\tools\compiler\ti-cgt-msp430_21.6.0.LTS\lib\</path>
         <kind>archive</kind>
         <file>rts430x_lc_rd_eabi.lib</file>
         <name>int42.asm.obj</name>
      </input_file>
      <input_file id="fl-33">
         <path>C:\ti\ccs1110\ccs\tools\compiler\ti-cgt-msp430_21.6.0.LTS\lib\</path>
         <kind>archive</kind>
         <file>rts430x_lc_rd_eabi.lib</file>
         <name>int43.asm.obj</name>
      </input_file>
      <input_file id="fl-34">
         <path>C:\ti\ccs1110\ccs\tools\compiler\ti-cgt-msp430_21.6.0.LTS\lib\</path>
         <kind>archive</kind>
         <file>rts430x_lc_rd_eabi.lib</file>
         <name>int44.asm.obj</name>
      </input_file>
      <input_file id="fl-35">
         <path>C:\ti\ccs1110\ccs\tools\compiler\ti-cgt-msp430_21.6.0.LTS\lib\</path>
         <kind>archive</kind>
         <file>rts430x_lc_rd_eabi.lib</file>
         <name>int45.asm.obj</name>
      </input_file>
      <input_file id="fl-36">
         <path>C:\ti\ccs1110\ccs\tools\compiler\ti-cgt-msp430_21.6.0.LTS\lib\</path>
         <kind>archive</kind>
         <file>rts430x_lc_rd_eabi.lib</file>
         <name>int46.asm.obj</name>
      </input_file>
      <input_file id="fl-37">
         <path>C:\ti\ccs1110\ccs\tools\compiler\ti-cgt-msp430_21.6.0.LTS\lib\</path>
         <kind>archive</kind>
         <file>rts430x_lc_rd_eabi.lib</file>
         <name>int47.asm.obj</name>
      </input_file>
      <input_file id="fl-38">
         <path>C:\ti\ccs1110\ccs\tools\compiler\ti-cgt-msp430_21.6.0.LTS\lib\</path>
         <kind>archive</kind>
         <file>rts430x_lc_rd_eabi.lib</file>
         <name>int48.asm.obj</name>
      </input_file>
      <input_file id="fl-39">
         <path>C:\ti\ccs1110\ccs\tools\compiler\ti-cgt-msp430_21.6.0.LTS\lib\</path>
         <kind>archive</kind>
         <file>rts430x_lc_rd_eabi.lib</file>
         <name>int49.asm.obj</name>
      </input_file>
      <input_file id="fl-3a">
         <path>C:\ti\ccs1110\ccs\tools\compiler\ti-cgt-msp430_21.6.0.LTS\lib\</path>
         <kind>archive</kind>
         <file>rts430x_lc_rd_eabi.lib</file>
         <name>int50.asm.obj</name>
      </input_file>
      <input_file id="fl-3b">
         <path>C:\ti\ccs1110\ccs\tools\compiler\ti-cgt-msp430_21.6.0.LTS\lib\</path>
         <kind>archive</kind>
         <file>rts430x_lc_rd_eabi.lib</file>
         <name>int51.asm.obj</name>
      </input_file>
      <input_file id="fl-3c">
         <path>C:\ti\ccs1110\ccs\tools\compiler\ti-cgt-msp430_21.6.0.LTS\lib\</path>
         <kind>archive</kind>
         <file>rts430x_lc_rd_eabi.lib</file>
         <name>int52.asm.obj</name>
      </input_file>
      <input_file id="fl-3d">
         <path>C:\ti\ccs1110\ccs\tools\compiler\ti-cgt-msp430_21.6.0.LTS\lib\</path>
         <kind>archive</kind>
         <file>rts430x_lc_rd_eabi.lib</file>
         <name>int53.asm.obj</name>
      </input_file>
      <input_file id="fl-3e">
         <path>C:\ti\ccs1110\ccs\tools\compiler\ti-cgt-msp430_21.6.0.LTS\lib\</path>
         <kind>archive</kind>
         <file>rts430x_lc_rd_eabi.lib</file>
         <name>int54.asm.obj</name>
      </input_file>
      <input_file id="fl-3f">
         <path>C:\ti\ccs1110\ccs\tools\compiler\ti-cgt-msp430_21.6.0.LTS\lib\</path>
         <kind>archive</kind>
         <file>rts430x_lc_rd_eabi.lib</file>
         <name>copy_zero_init.c.obj</name>
      </input_file>
      <input_file id="fl-40">
         <path>C:\ti\ccs1110\ccs\tools\compiler\ti-cgt-msp430_21.6.0.LTS\lib\</path>
         <kind>archive</kind>
         <file>rts430x_lc_rd_eabi.lib</file>
         <name>div32s.asm.obj</name>
      </input_file>
      <input_file id="fl-41">
         <path>C:\ti\ccs1110\ccs\tools\compiler\ti-cgt-msp430_21.6.0.LTS\lib\</path>
         <kind>archive</kind>
         <file>rts430x_lc_rd_eabi.lib</file>
         <name>div32u.asm.obj</name>
      </input_file>
      <input_file id="fl-42">
         <path>C:\ti\ccs1110\ccs\tools\compiler\ti-cgt-msp430_21.6.0.LTS\lib\</path>
         <kind>archive</kind>
         <file>rts430x_lc_rd_eabi.lib</file>
         <name>mult16_f5hw.asm.obj</name>
      </input_file>
      <input_file id="fl-43">
         <path>C:\ti\ccs1110\ccs\tools\compiler\ti-cgt-msp430_21.6.0.LTS\lib\</path>
         <kind>archive</kind>
         <file>rts430x_lc_rd_eabi.lib</file>
         <name>mult32_f5hw.asm.obj</name>
      </input_file>
      <input_file id="fl-44">
         <path>C:\ti\ccs1110\ccs\tools\compiler\ti-cgt-msp430_21.6.0.LTS\lib\</path>
         <kind>archive</kind>
         <file>rts430x_lc_rd_eabi.lib</file>
         <name>mult64_f5hw.asm.obj</name>
      </input_file>
      <input_file id="fl-45">
         <path>C:\ti\ccs1110\ccs\tools\compiler\ti-cgt-msp430_21.6.0.LTS\lib\</path>
         <kind>archive</kind>
         <file>rts430x_lc_rd_eabi.lib</file>
         <name>mult1632_f5hw.asm.obj</name>
      </input_file>
      <input_file id="fl-46">
         <path>C:\ti\ccs1110\ccs\tools\compiler\ti-cgt-msp430_21.6.0.LTS\lib\</path>
         <kind>archive</kind>
         <file>rts430x_lc_rd_eabi.lib</file>
         <name>mult3264_f5hw.asm.obj</name>
      </input_file>
      <input_file id="fl-47">
         <path>C:\ti\ccs1110\ccs\tools\compiler\ti-cgt-msp430_21.6.0.LTS\lib\</path>
         <kind>archive</kind>
         <file>rts430x_lc_rd_eabi.lib</file>
         <name>boot.c.obj</name>
      </input_file>
      <input_file id="fl-48">
         <path>C:\ti\ccs1110\ccs\tools\compiler\ti-cgt-msp430_21.6.0.LTS\lib\</path>
         <kind>archive</kind>
         <file>rts430x_lc_rd_eabi.lib</file>
         <name>mpu_init.c.obj</name>
      </input_file>
      <input_file id="fl-49">
         <path>C:\ti\ccs1110\ccs\tools\compiler\ti-cgt-msp430_21.6.0.LTS\lib\</path>
         <kind>archive</kind>
         <file>rts430x_lc_rd_eabi.lib</file>
         <name>args_main.c.obj</name>
      </input_file>
      <input_file id="fl-4a">
         <path>C:\ti\ccs1110\ccs\tools\compiler\ti-cgt-msp430_21.6.0.LTS\lib\</path>
         <kind>archive</kind>
         <file>rts430x_lc_rd_eabi.lib</file>
         <name>autoinit.c.obj</name>
      </input_file>
      <input_file id="fl-4b">
         <path>C:\ti\ccs1110\ccs\tools\compiler\ti-cgt-msp430_21.6.0.LTS\lib\</path>
         <kind>archive</kind>
         <file>rts430x_lc_rd_eabi.lib</file>
         <name>startup.c.obj</name>
      </input_file>
      <input_file id="fl-4c">
         <path>C:\ti\ccs1110\ccs\tools\compiler\ti-cgt-msp430_21.6.0.LTS\lib\</path>
         <kind>archive</kind>
         <file>rts430x_lc_rd_eabi.lib</file>
         <name>pre_init.c.obj</name>
      </input_file>
      <input_file id="fl-4d">
         <path>C:\ti\ccs1110\ccs\tools\compiler\ti-cgt-msp430_21.6.0.LTS\lib\</path>
         <kind>archive</kind>
         <file>rts430x_lc_rd_eabi.lib</file>
         <name>cpy_tbl.c.obj</name>
      </input_file>
      <input_file id="fl-4e">
         <path>C:\ti\ccs1110\ccs\tools\compiler\ti-cgt-msp430_21.6.0.LTS\lib\</path>
         <kind>archive</kind>
         <file>rts430x_lc_rd_eabi.lib</file>
         <name>mult16.asm.obj</name>
      </input_file>
      <input_file id="fl-4f">
         <path>C:\ti\ccs1110\ccs\tools\compiler\ti-cgt-msp430_21.6.0.LTS\lib\</path>
         <kind>archive</kind>
         <file>rts430x_lc_rd_eabi.lib</file>
         <name>exit.c.obj</name>
      </input_file>
      <input_file id="fl-50">
         <path>C:\ti\ccs1110\ccs\tools\compiler\ti-cgt-msp430_21.6.0.LTS\lib\</path>
         <kind>archive</kind>
         <file>rts430x_lc_rd_eabi.lib</file>
         <name>exit_gvars.c.obj</name>
      </input_file>
      <input_file id="fl-51">
         <path>C:\ti\ccs1110\ccs\tools\compiler\ti-cgt-msp430_21.6.0.LTS\lib\</path>
         <kind>archive</kind>
         <file>rts430x_lc_rd_eabi.lib</file>
         <name>_lock.c.obj</name>
      </input_file>
      <input_file id="fl-52">
         <path>C:\ti\ccs1110\ccs\tools\compiler\ti-cgt-msp430_21.6.0.LTS\lib\</path>
         <kind>archive</kind>
         <file>rts430x_lc_rd_eabi.lib</file>
         <name>memcpy.c.obj</name>
      </input_file>
      <input_file id="fl-53">
         <path>C:\ti\ccs1110\ccs\tools\compiler\ti-cgt-msp430_21.6.0.LTS\lib\</path>
         <kind>archive</kind>
         <file>rts430x_lc_rd_eabi.lib</file>
         <name>printf.c.obj</name>
      </input_file>
      <input_file id="fl-54">
         <path>C:\ti\ccs1110\ccs\tools\compiler\ti-cgt-msp430_21.6.0.LTS\lib\</path>
         <kind>archive</kind>
         <file>rts430x_lc_rd_eabi.lib</file>
         <name>_printfi.c.obj</name>
      </input_file>
      <input_file id="fl-55">
         <path>C:\ti\ccs1110\ccs\tools\compiler\ti-cgt-msp430_21.6.0.LTS\lib\</path>
         <kind>archive</kind>
         <file>rts430x_lc_rd_eabi.lib</file>
         <name>_ltoa.c.obj</name>
      </input_file>
      <input_file id="fl-56">
         <path>C:\ti\ccs1110\ccs\tools\compiler\ti-cgt-msp430_21.6.0.LTS\lib\</path>
         <kind>archive</kind>
         <file>rts430x_lc_rd_eabi.lib</file>
         <name>cmpd.c.obj</name>
      </input_file>
      <input_file id="fl-57">
         <path>C:\ti\ccs1110\ccs\tools\compiler\ti-cgt-msp430_21.6.0.LTS\lib\</path>
         <kind>archive</kind>
         <file>rts430x_lc_rd_eabi.lib</file>
         <name>divd.c.obj</name>
      </input_file>
      <input_file id="fl-58">
         <path>C:\ti\ccs1110\ccs\tools\compiler\ti-cgt-msp430_21.6.0.LTS\lib\</path>
         <kind>archive</kind>
         <file>rts430x_lc_rd_eabi.lib</file>
         <name>frcdivd.c.obj</name>
      </input_file>
      <input_file id="fl-59">
         <path>C:\ti\ccs1110\ccs\tools\compiler\ti-cgt-msp430_21.6.0.LTS\lib\</path>
         <kind>archive</kind>
         <file>rts430x_lc_rd_eabi.lib</file>
         <name>div16u.asm.obj</name>
      </input_file>
      <input_file id="fl-5a">
         <path>C:\ti\ccs1110\ccs\tools\compiler\ti-cgt-msp430_21.6.0.LTS\lib\</path>
         <kind>archive</kind>
         <file>rts430x_lc_rd_eabi.lib</file>
         <name>div64u.c.obj</name>
      </input_file>
      <input_file id="fl-5b">
         <path>C:\ti\ccs1110\ccs\tools\compiler\ti-cgt-msp430_21.6.0.LTS\lib\</path>
         <kind>archive</kind>
         <file>rts430x_lc_rd_eabi.lib</file>
         <name>fixdi.c.obj</name>
      </input_file>
      <input_file id="fl-5c">
         <path>C:\ti\ccs1110\ccs\tools\compiler\ti-cgt-msp430_21.6.0.LTS\lib\</path>
         <kind>archive</kind>
         <file>rts430x_lc_rd_eabi.lib</file>
         <name>fixdli.c.obj</name>
      </input_file>
      <input_file id="fl-5d">
         <path>C:\ti\ccs1110\ccs\tools\compiler\ti-cgt-msp430_21.6.0.LTS\lib\</path>
         <kind>archive</kind>
         <file>rts430x_lc_rd_eabi.lib</file>
         <name>fltid.c.obj</name>
      </input_file>
      <input_file id="fl-5e">
         <path>C:\ti\ccs1110\ccs\tools\compiler\ti-cgt-msp430_21.6.0.LTS\lib\</path>
         <kind>archive</kind>
         <file>rts430x_lc_rd_eabi.lib</file>
         <name>fltlid.c.obj</name>
      </input_file>
      <input_file id="fl-5f">
         <path>C:\ti\ccs1110\ccs\tools\compiler\ti-cgt-msp430_21.6.0.LTS\lib\</path>
         <kind>archive</kind>
         <file>rts430x_lc_rd_eabi.lib</file>
         <name>mpyd.c.obj</name>
      </input_file>
      <input_file id="fl-60">
         <path>C:\ti\ccs1110\ccs\tools\compiler\ti-cgt-msp430_21.6.0.LTS\lib\</path>
         <kind>archive</kind>
         <file>rts430x_lc_rd_eabi.lib</file>
         <name>frcmpyd.c.obj</name>
      </input_file>
      <input_file id="fl-61">
         <path>C:\ti\ccs1110\ccs\tools\compiler\ti-cgt-msp430_21.6.0.LTS\lib\</path>
         <kind>archive</kind>
         <file>rts430x_lc_rd_eabi.lib</file>
         <name>mult32.asm.obj</name>
      </input_file>
      <input_file id="fl-62">
         <path>C:\ti\ccs1110\ccs\tools\compiler\ti-cgt-msp430_21.6.0.LTS\lib\</path>
         <kind>archive</kind>
         <file>rts430x_lc_rd_eabi.lib</file>
         <name>mult64.asm.obj</name>
      </input_file>
      <input_file id="fl-63">
         <path>C:\ti\ccs1110\ccs\tools\compiler\ti-cgt-msp430_21.6.0.LTS\lib\</path>
         <kind>archive</kind>
         <file>rts430x_lc_rd_eabi.lib</file>
         <name>mult1632.asm.obj</name>
      </input_file>
      <input_file id="fl-64">
         <path>C:\ti\ccs1110\ccs\tools\compiler\ti-cgt-msp430_21.6.0.LTS\lib\</path>
         <kind>archive</kind>
         <file>rts430x_lc_rd_eabi.lib</file>
         <name>mult3264.asm.obj</name>
      </input_file>
      <input_file id="fl-65">
         <path>C:\ti\ccs1110\ccs\tools\compiler\ti-cgt-msp430_21.6.0.LTS\lib\</path>
         <kind>archive</kind>
         <file>rts430x_lc_rd_eabi.lib</file>
         <name>negd.c.obj</name>
      </input_file>
      <input_file id="fl-66">
         <path>C:\ti\ccs1110\ccs\tools\compiler\ti-cgt-msp430_21.6.0.LTS\lib\</path>
         <kind>archive</kind>
         <file>rts430x_lc_rd_eabi.lib</file>
         <name>lsl32.asm.obj</name>
      </input_file>
      <input_file id="fl-67">
         <path>C:\ti\ccs1110\ccs\tools\compiler\ti-cgt-msp430_21.6.0.LTS\lib\</path>
         <kind>archive</kind>
         <file>rts430x_lc_rd_eabi.lib</file>
         <name>lsl64.c.obj</name>
      </input_file>
      <input_file id="fl-68">
         <path>C:\ti\ccs1110\ccs\tools\compiler\ti-cgt-msp430_21.6.0.LTS\lib\</path>
         <kind>archive</kind>
         <file>rts430x_lc_rd_eabi.lib</file>
         <name>asr32.asm.obj</name>
      </input_file>
      <input_file id="fl-69">
         <path>C:\ti\ccs1110\ccs\tools\compiler\ti-cgt-msp430_21.6.0.LTS\lib\</path>
         <kind>archive</kind>
         <file>rts430x_lc_rd_eabi.lib</file>
         <name>lsr32.asm.obj</name>
      </input_file>
      <input_file id="fl-6a">
         <path>C:\ti\ccs1110\ccs\tools\compiler\ti-cgt-msp430_21.6.0.LTS\lib\</path>
         <kind>archive</kind>
         <file>rts430x_lc_rd_eabi.lib</file>
         <name>lsr64.c.obj</name>
      </input_file>
      <input_file id="fl-6b">
         <path>C:\ti\ccs1110\ccs\tools\compiler\ti-cgt-msp430_21.6.0.LTS\lib\</path>
         <kind>archive</kind>
         <file>rts430x_lc_rd_eabi.lib</file>
         <name>subd.c.obj</name>
      </input_file>
      <input_file id="fl-6c">
         <path>C:\ti\ccs1110\ccs\tools\compiler\ti-cgt-msp430_21.6.0.LTS\lib\</path>
         <kind>archive</kind>
         <file>rts430x_lc_rd_eabi.lib</file>
         <name>addd.c.obj</name>
      </input_file>
      <input_file id="fl-6d">
         <path>C:\ti\ccs1110\ccs\tools\compiler\ti-cgt-msp430_21.6.0.LTS\lib\</path>
         <kind>archive</kind>
         <file>rts430x_lc_rd_eabi.lib</file>
         <name>asr64.c.obj</name>
      </input_file>
      <input_file id="fl-6e">
         <path>C:\ti\ccs1110\ccs\tools\compiler\ti-cgt-msp430_21.6.0.LTS\lib\</path>
         <kind>archive</kind>
         <file>rts430x_lc_rd_eabi.lib</file>
         <name>defs.c.obj</name>
      </input_file>
      <input_file id="fl-6f">
         <path>C:\ti\ccs1110\ccs\tools\compiler\ti-cgt-msp430_21.6.0.LTS\lib\</path>
         <kind>archive</kind>
         <file>rts430x_lc_rd_eabi.lib</file>
         <name>abs.c.obj</name>
      </input_file>
      <input_file id="fl-70">
         <path>C:\ti\ccs1110\ccs\tools\compiler\ti-cgt-msp430_21.6.0.LTS\lib\</path>
         <kind>archive</kind>
         <file>rts430x_lc_rd_eabi.lib</file>
         <name>atoi.c.obj</name>
      </input_file>
      <input_file id="fl-71">
         <path>C:\ti\ccs1110\ccs\tools\compiler\ti-cgt-msp430_21.6.0.LTS\lib\</path>
         <kind>archive</kind>
         <file>rts430x_lc_rd_eabi.lib</file>
         <name>ctype.c.obj</name>
      </input_file>
      <input_file id="fl-72">
         <path>C:\ti\ccs1110\ccs\tools\compiler\ti-cgt-msp430_21.6.0.LTS\lib\</path>
         <kind>archive</kind>
         <file>rts430x_lc_rd_eabi.lib</file>
         <name>errno.c.obj</name>
      </input_file>
      <input_file id="fl-73">
         <path>C:\ti\ccs1110\ccs\tools\compiler\ti-cgt-msp430_21.6.0.LTS\lib\</path>
         <kind>archive</kind>
         <file>rts430x_lc_rd_eabi.lib</file>
         <name>fputc.c.obj</name>
      </input_file>
      <input_file id="fl-74">
         <path>C:\ti\ccs1110\ccs\tools\compiler\ti-cgt-msp430_21.6.0.LTS\lib\</path>
         <kind>archive</kind>
         <file>rts430x_lc_rd_eabi.lib</file>
         <name>fflush.c.obj</name>
      </input_file>
      <input_file id="fl-75">
         <path>C:\ti\ccs1110\ccs\tools\compiler\ti-cgt-msp430_21.6.0.LTS\lib\</path>
         <kind>archive</kind>
         <file>rts430x_lc_rd_eabi.lib</file>
         <name>_io_perm.c.obj</name>
      </input_file>
      <input_file id="fl-76">
         <path>C:\ti\ccs1110\ccs\tools\compiler\ti-cgt-msp430_21.6.0.LTS\lib\</path>
         <kind>archive</kind>
         <file>rts430x_lc_rd_eabi.lib</file>
         <name>fputs.c.obj</name>
      </input_file>
      <input_file id="fl-77">
         <path>C:\ti\ccs1110\ccs\tools\compiler\ti-cgt-msp430_21.6.0.LTS\lib\</path>
         <kind>archive</kind>
         <file>rts430x_lc_rd_eabi.lib</file>
         <name>s_frexp.c.obj</name>
      </input_file>
      <input_file id="fl-78">
         <path>C:\ti\ccs1110\ccs\tools\compiler\ti-cgt-msp430_21.6.0.LTS\lib\</path>
         <kind>archive</kind>
         <file>rts430x_lc_rd_eabi.lib</file>
         <name>fseek.c.obj</name>
      </input_file>
      <input_file id="fl-79">
         <path>C:\ti\ccs1110\ccs\tools\compiler\ti-cgt-msp430_21.6.0.LTS\lib\</path>
         <kind>archive</kind>
         <file>rts430x_lc_rd_eabi.lib</file>
         <name>s_scalbn.c.obj</name>
      </input_file>
      <input_file id="fl-7a">
         <path>C:\ti\ccs1110\ccs\tools\compiler\ti-cgt-msp430_21.6.0.LTS\lib\</path>
         <kind>archive</kind>
         <file>rts430x_lc_rd_eabi.lib</file>
         <name>s_copysign.c.obj</name>
      </input_file>
      <input_file id="fl-7b">
         <path>C:\ti\ccs1110\ccs\tools\compiler\ti-cgt-msp430_21.6.0.LTS\lib\</path>
         <kind>archive</kind>
         <file>rts430x_lc_rd_eabi.lib</file>
         <name>lseek.c.obj</name>
      </input_file>
      <input_file id="fl-7c">
         <path>C:\ti\ccs1110\ccs\tools\compiler\ti-cgt-msp430_21.6.0.LTS\lib\</path>
         <kind>archive</kind>
         <file>rts430x_lc_rd_eabi.lib</file>
         <name>host_device.c.obj</name>
      </input_file>
      <input_file id="fl-7d">
         <path>C:\ti\ccs1110\ccs\tools\compiler\ti-cgt-msp430_21.6.0.LTS\lib\</path>
         <kind>archive</kind>
         <file>rts430x_lc_rd_eabi.lib</file>
         <name>hostclose.c.obj</name>
      </input_file>
      <input_file id="fl-7e">
         <path>C:\ti\ccs1110\ccs\tools\compiler\ti-cgt-msp430_21.6.0.LTS\lib\</path>
         <kind>archive</kind>
         <file>rts430x_lc_rd_eabi.lib</file>
         <name>hostlseek.c.obj</name>
      </input_file>
      <input_file id="fl-7f">
         <path>C:\ti\ccs1110\ccs\tools\compiler\ti-cgt-msp430_21.6.0.LTS\lib\</path>
         <kind>archive</kind>
         <file>rts430x_lc_rd_eabi.lib</file>
         <name>hostopen.c.obj</name>
      </input_file>
      <input_file id="fl-80">
         <path>C:\ti\ccs1110\ccs\tools\compiler\ti-cgt-msp430_21.6.0.LTS\lib\</path>
         <kind>archive</kind>
         <file>rts430x_lc_rd_eabi.lib</file>
         <name>hostread.c.obj</name>
      </input_file>
      <input_file id="fl-81">
         <path>C:\ti\ccs1110\ccs\tools\compiler\ti-cgt-msp430_21.6.0.LTS\lib\</path>
         <kind>archive</kind>
         <file>rts430x_lc_rd_eabi.lib</file>
         <name>hostrename.c.obj</name>
      </input_file>
      <input_file id="fl-82">
         <path>C:\ti\ccs1110\ccs\tools\compiler\ti-cgt-msp430_21.6.0.LTS\lib\</path>
         <kind>archive</kind>
         <file>rts430x_lc_rd_eabi.lib</file>
         <name>hostunlink.c.obj</name>
      </input_file>
      <input_file id="fl-83">
         <path>C:\ti\ccs1110\ccs\tools\compiler\ti-cgt-msp430_21.6.0.LTS\lib\</path>
         <kind>archive</kind>
         <file>rts430x_lc_rd_eabi.lib</file>
         <name>hostwrite.c.obj</name>
      </input_file>
      <input_file id="fl-84">
         <path>C:\ti\ccs1110\ccs\tools\compiler\ti-cgt-msp430_21.6.0.LTS\lib\</path>
         <kind>archive</kind>
         <file>rts430x_lc_rd_eabi.lib</file>
         <name>trgmsg.c.obj</name>
      </input_file>
      <input_file id="fl-85">
         <path>C:\ti\ccs1110\ccs\tools\compiler\ti-cgt-msp430_21.6.0.LTS\lib\</path>
         <kind>archive</kind>
         <file>rts430x_lc_rd_eabi.lib</file>
         <name>memccpy.c.obj</name>
      </input_file>
      <input_file id="fl-86">
         <path>C:\ti\ccs1110\ccs\tools\compiler\ti-cgt-msp430_21.6.0.LTS\lib\</path>
         <kind>archive</kind>
         <file>rts430x_lc_rd_eabi.lib</file>
         <name>memchr.c.obj</name>
      </input_file>
      <input_file id="fl-87">
         <path>C:\ti\ccs1110\ccs\tools\compiler\ti-cgt-msp430_21.6.0.LTS\lib\</path>
         <kind>archive</kind>
         <file>rts430x_lc_rd_eabi.lib</file>
         <name>memset.c.obj</name>
      </input_file>
      <input_file id="fl-88">
         <path>C:\ti\ccs1110\ccs\tools\compiler\ti-cgt-msp430_21.6.0.LTS\lib\</path>
         <kind>archive</kind>
         <file>rts430x_lc_rd_eabi.lib</file>
         <name>rand.c.obj</name>
      </input_file>
      <input_file id="fl-89">
         <path>C:\ti\ccs1110\ccs\tools\compiler\ti-cgt-msp430_21.6.0.LTS\lib\</path>
         <kind>archive</kind>
         <file>rts430x_lc_rd_eabi.lib</file>
         <name>setvbuf.c.obj</name>
      </input_file>
      <input_file id="fl-8a">
         <path>C:\ti\ccs1110\ccs\tools\compiler\ti-cgt-msp430_21.6.0.LTS\lib\</path>
         <kind>archive</kind>
         <file>rts430x_lc_rd_eabi.lib</file>
         <name>fopen.c.obj</name>
      </input_file>
      <input_file id="fl-8b">
         <path>C:\ti\ccs1110\ccs\tools\compiler\ti-cgt-msp430_21.6.0.LTS\lib\</path>
         <kind>archive</kind>
         <file>rts430x_lc_rd_eabi.lib</file>
         <name>fclose.c.obj</name>
      </input_file>
      <input_file id="fl-8c">
         <path>C:\ti\ccs1110\ccs\tools\compiler\ti-cgt-msp430_21.6.0.LTS\lib\</path>
         <kind>archive</kind>
         <file>rts430x_lc_rd_eabi.lib</file>
         <name>close.c.obj</name>
      </input_file>
      <input_file id="fl-8d">
         <path>C:\ti\ccs1110\ccs\tools\compiler\ti-cgt-msp430_21.6.0.LTS\lib\</path>
         <kind>archive</kind>
         <file>rts430x_lc_rd_eabi.lib</file>
         <name>memory.c.obj</name>
      </input_file>
      <input_file id="fl-8e">
         <path>C:\ti\ccs1110\ccs\tools\compiler\ti-cgt-msp430_21.6.0.LTS\lib\</path>
         <kind>archive</kind>
         <file>rts430x_lc_rd_eabi.lib</file>
         <name>open.c.obj</name>
      </input_file>
      <input_file id="fl-8f">
         <path>C:\ti\ccs1110\ccs\tools\compiler\ti-cgt-msp430_21.6.0.LTS\lib\</path>
         <kind>archive</kind>
         <file>rts430x_lc_rd_eabi.lib</file>
         <name>div16s.asm.obj</name>
      </input_file>
      <input_file id="fl-90">
         <path>C:\ti\ccs1110\ccs\tools\compiler\ti-cgt-msp430_21.6.0.LTS\lib\</path>
         <kind>archive</kind>
         <file>rts430x_lc_rd_eabi.lib</file>
         <name>getdevice.c.obj</name>
      </input_file>
      <input_file id="fl-91">
         <path>C:\ti\ccs1110\ccs\tools\compiler\ti-cgt-msp430_21.6.0.LTS\lib\</path>
         <kind>archive</kind>
         <file>rts430x_lc_rd_eabi.lib</file>
         <name>remove.c.obj</name>
      </input_file>
      <input_file id="fl-92">
         <path>C:\ti\ccs1110\ccs\tools\compiler\ti-cgt-msp430_21.6.0.LTS\lib\</path>
         <kind>archive</kind>
         <file>rts430x_lc_rd_eabi.lib</file>
         <name>strchr.c.obj</name>
      </input_file>
      <input_file id="fl-93">
         <path>C:\ti\ccs1110\ccs\tools\compiler\ti-cgt-msp430_21.6.0.LTS\lib\</path>
         <kind>archive</kind>
         <file>rts430x_lc_rd_eabi.lib</file>
         <name>strcmp.c.obj</name>
      </input_file>
      <input_file id="fl-94">
         <path>C:\ti\ccs1110\ccs\tools\compiler\ti-cgt-msp430_21.6.0.LTS\lib\</path>
         <kind>archive</kind>
         <file>rts430x_lc_rd_eabi.lib</file>
         <name>strcpy.c.obj</name>
      </input_file>
      <input_file id="fl-95">
         <path>C:\ti\ccs1110\ccs\tools\compiler\ti-cgt-msp430_21.6.0.LTS\lib\</path>
         <kind>archive</kind>
         <file>rts430x_lc_rd_eabi.lib</file>
         <name>strlen.c.obj</name>
      </input_file>
      <input_file id="fl-96">
         <path>C:\ti\ccs1110\ccs\tools\compiler\ti-cgt-msp430_21.6.0.LTS\lib\</path>
         <kind>archive</kind>
         <file>rts430x_lc_rd_eabi.lib</file>
         <name>strncpy.c.obj</name>
      </input_file>
      <input_file id="fl-97">
         <path>C:\ti\ccs1110\ccs\tools\compiler\ti-cgt-msp430_21.6.0.LTS\lib\</path>
         <kind>archive</kind>
         <file>rts430x_lc_rd_eabi.lib</file>
         <name>toupper.c.obj</name>
      </input_file>
      <input_file id="fl-98">
         <path>C:\ti\ccs1110\ccs\tools\compiler\ti-cgt-msp430_21.6.0.LTS\lib\</path>
         <kind>archive</kind>
         <file>rts430x_lc_rd_eabi.lib</file>
         <name>unlink.c.obj</name>
      </input_file>
      <input_file id="fl-99">
         <path>C:\ti\ccs1110\ccs\tools\compiler\ti-cgt-msp430_21.6.0.LTS\lib\</path>
         <kind>archive</kind>
         <file>rts430x_lc_rd_eabi.lib</file>
         <name>wcslen.c.obj</name>
      </input_file>
      <input_file id="fl-9a">
         <path>C:\ti\ccs1110\ccs\tools\compiler\ti-cgt-msp430_21.6.0.LTS\lib\</path>
         <kind>archive</kind>
         <file>rts430x_lc_rd_eabi.lib</file>
         <name>write.c.obj</name>
      </input_file>
   </input_file_list>
   <object_component_list>
      <object_component id="oc-796">
         <name>.cio</name>
         <uninitialized>true</uninitialized>
         <run_address>0x4400</run_address>
         <size>0x120</size>
         <input_file_ref idref="fl-84"/>
      </object_component>
      <object_component id="oc-3aa">
         <name>.sysmem</name>
         <uninitialized>true</uninitialized>
         <run_address>0x4520</run_address>
         <size>0x8</size>
         <input_file_ref idref="fl-8d"/>
      </object_component>
      <object_component id="oc-857">
         <name>.sysmem</name>
         <uninitialized>true</uninitialized>
         <run_address>0x4520</run_address>
         <size>0x0</size>
      </object_component>
      <object_component id="oc-855">
         <name>.cinit..data.load</name>
         <load_address>0x4994</load_address>
         <run_address>0x4994</run_address>
         <size>0x59</size>
      </object_component>
      <object_component id="oc-852">
         <name>__TI_handler_table</name>
         <load_address>0x49ee</load_address>
         <run_address>0x49ee</run_address>
         <size>0xc</size>
      </object_component>
      <object_component id="oc-854">
         <name>.cinit..bss.load</name>
         <load_address>0x49fa</load_address>
         <run_address>0x49fa</run_address>
         <size>0x6</size>
      </object_component>
      <object_component id="oc-853">
         <name>__TI_cinit_table</name>
         <load_address>0x4a00</load_address>
         <run_address>0x4a00</run_address>
         <size>0x10</size>
      </object_component>
      <object_component id="oc-63d">
         <name>.const:.string:_ctypes_</name>
         <load_address>0x4824</load_address>
         <run_address>0x4824</run_address>
         <size>0x101</size>
         <input_file_ref idref="fl-71"/>
      </object_component>
      <object_component id="oc-469">
         <name>.const:.string</name>
         <load_address>0x4926</load_address>
         <run_address>0x4926</run_address>
         <size>0x48</size>
         <input_file_ref idref="fl-2"/>
      </object_component>
      <object_component id="oc-5f0">
         <name>.const:.string</name>
         <load_address>0x496e</load_address>
         <run_address>0x496e</run_address>
         <size>0x26</size>
         <input_file_ref idref="fl-54"/>
      </object_component>
      <object_component id="oc-3dc">
         <name>.text:_isr:_c_int00_noargs</name>
         <load_address>0x4800</load_address>
         <run_address>0x4800</run_address>
         <size>0x1c</size>
         <input_file_ref idref="fl-47"/>
      </object_component>
      <object_component id="oc-3c5">
         <name>.text:_isr:__TI_ISR_TRAP</name>
         <load_address>0x481c</load_address>
         <run_address>0x481c</run_address>
         <size>0x8</size>
         <input_file_ref idref="fl-26"/>
      </object_component>
      <object_component id="oc-6a7">
         <name>.text:__mspabi_divull</name>
         <load_address>0x10000</load_address>
         <run_address>0x10000</run_address>
         <size>0x34e</size>
         <input_file_ref idref="fl-5a"/>
      </object_component>
      <object_component id="oc-4f2">
         <name>.text:__TI_printfi_nofloat:__TI_printfi_nofloat</name>
         <load_address>0x1034e</load_address>
         <run_address>0x1034e</run_address>
         <size>0x298</size>
         <input_file_ref idref="fl-54"/>
      </object_component>
      <object_component id="oc-56e">
         <name>.text:__TI_printfi_nofloat:_setfield___TI_printfi_nofloat</name>
         <load_address>0x105e6</load_address>
         <run_address>0x105e6</run_address>
         <size>0x230</size>
         <input_file_ref idref="fl-54"/>
      </object_component>
      <object_component id="oc-644">
         <name>.text:__TI_printfi_nofloat:_getarg_diouxp___TI_printfi_nofloat</name>
         <load_address>0x10816</load_address>
         <run_address>0x10816</run_address>
         <size>0x20c</size>
         <input_file_ref idref="fl-54"/>
      </object_component>
      <object_component id="oc-5f1">
         <name>.text:__TI_printfi_nofloat:_pproc_diouxp___TI_printfi_nofloat</name>
         <load_address>0x10a22</load_address>
         <run_address>0x10a22</run_address>
         <size>0x148</size>
         <input_file_ref idref="fl-54"/>
      </object_component>
      <object_component id="oc-64a">
         <name>.text:__TI_printfi_nofloat:_ltostr___TI_printfi_nofloat</name>
         <load_address>0x10b6a</load_address>
         <run_address>0x10b6a</run_address>
         <size>0x128</size>
         <input_file_ref idref="fl-54"/>
      </object_component>
      <object_component id="oc-6de">
         <name>.text:aligned_alloc</name>
         <load_address>0x10c92</load_address>
         <run_address>0x10c92</run_address>
         <size>0x112</size>
         <input_file_ref idref="fl-8d"/>
      </object_component>
      <object_component id="oc-554">
         <name>.text:fputs</name>
         <load_address>0x10da4</load_address>
         <run_address>0x10da4</run_address>
         <size>0xf0</size>
         <input_file_ref idref="fl-76"/>
      </object_component>
      <object_component id="oc-568">
         <name>.text:__TI_printfi_nofloat:_pproc_fwp___TI_printfi_nofloat</name>
         <load_address>0x10e94</load_address>
         <run_address>0x10e94</run_address>
         <size>0xea</size>
         <input_file_ref idref="fl-54"/>
      </object_component>
      <object_component id="oc-66e">
         <name>.text:free</name>
         <load_address>0x10f7e</load_address>
         <run_address>0x10f7e</run_address>
         <size>0xe2</size>
         <input_file_ref idref="fl-8d"/>
      </object_component>
      <object_component id="oc-626">
         <name>.text:setvbuf</name>
         <load_address>0x11060</load_address>
         <run_address>0x11060</run_address>
         <size>0xde</size>
         <input_file_ref idref="fl-89"/>
      </object_component>
      <object_component id="oc-57a">
         <name>.text:__TI_printfi_nofloat:_pproc_wstr___TI_printfi_nofloat</name>
         <load_address>0x1113e</load_address>
         <run_address>0x1113e</run_address>
         <size>0xc8</size>
         <input_file_ref idref="fl-54"/>
      </object_component>
      <object_component id="oc-429">
         <name>.text:main</name>
         <load_address>0x11206</load_address>
         <run_address>0x11206</run_address>
         <size>0xb2</size>
         <input_file_ref idref="fl-2"/>
      </object_component>
      <object_component id="oc-574">
         <name>.text:__TI_printfi_nofloat:_pproc_str___TI_printfi_nofloat</name>
         <load_address>0x112b8</load_address>
         <run_address>0x112b8</run_address>
         <size>0xa6</size>
         <input_file_ref idref="fl-54"/>
      </object_component>
      <object_component id="oc-709">
         <name>.text:HOSTlseek</name>
         <load_address>0x1135e</load_address>
         <run_address>0x1135e</run_address>
         <size>0x9a</size>
         <input_file_ref idref="fl-7e"/>
      </object_component>
      <object_component id="oc-55b">
         <name>.text:fputc</name>
         <load_address>0x113f8</load_address>
         <run_address>0x113f8</run_address>
         <size>0x90</size>
         <input_file_ref idref="fl-73"/>
      </object_component>
      <object_component id="oc-5c5">
         <name>.text:__TI_wrt_ok</name>
         <load_address>0x11488</load_address>
         <run_address>0x11488</run_address>
         <size>0x7e</size>
         <input_file_ref idref="fl-75"/>
      </object_component>
      <object_component id="oc-71">
         <name>.text:decompress:lzss:__TI_decompress_lzss</name>
         <load_address>0x11506</load_address>
         <run_address>0x11506</run_address>
         <size>0x76</size>
         <input_file_ref idref="fl-23"/>
      </object_component>
      <object_component id="oc-715">
         <name>.text:HOSTrename</name>
         <load_address>0x1157c</load_address>
         <run_address>0x1157c</run_address>
         <size>0x74</size>
         <input_file_ref idref="fl-81"/>
      </object_component>
      <object_component id="oc-6e5">
         <name>.text:__TI_closefile</name>
         <load_address>0x115f0</load_address>
         <run_address>0x115f0</run_address>
         <size>0x74</size>
         <input_file_ref idref="fl-8b"/>
      </object_component>
      <object_component id="oc-740">
         <name>.text:split</name>
         <load_address>0x11664</load_address>
         <run_address>0x11664</run_address>
         <size>0x74</size>
         <input_file_ref idref="fl-8d"/>
      </object_component>
      <object_component id="oc-6f1">
         <name>.text:HOSTopen</name>
         <load_address>0x116d8</load_address>
         <run_address>0x116d8</run_address>
         <size>0x70</size>
         <input_file_ref idref="fl-7f"/>
      </object_component>
      <object_component id="oc-479">
         <name>.text:showArray</name>
         <load_address>0x11748</load_address>
         <run_address>0x11748</run_address>
         <size>0x70</size>
         <input_file_ref idref="fl-2"/>
      </object_component>
      <object_component id="oc-703">
         <name>.text:HOSTwrite</name>
         <load_address>0x117b8</load_address>
         <run_address>0x117b8</run_address>
         <size>0x6c</size>
         <input_file_ref idref="fl-83"/>
      </object_component>
      <object_component id="oc-6fd">
         <name>.text:HOSTread</name>
         <load_address>0x11824</load_address>
         <run_address>0x11824</run_address>
         <size>0x6a</size>
         <input_file_ref idref="fl-80"/>
      </object_component>
      <object_component id="oc-620">
         <name>.text:fseeko</name>
         <load_address>0x1188e</load_address>
         <run_address>0x1188e</run_address>
         <size>0x6a</size>
         <input_file_ref idref="fl-78"/>
      </object_component>
      <object_component id="oc-5d1">
         <name>.text:__TI_doflush</name>
         <load_address>0x118f8</load_address>
         <run_address>0x118f8</run_address>
         <size>0x64</size>
         <input_file_ref idref="fl-74"/>
      </object_component>
      <object_component id="oc-5e3">
         <name>.text:atoi</name>
         <load_address>0x1195c</load_address>
         <run_address>0x1195c</run_address>
         <size>0x62</size>
         <input_file_ref idref="fl-70"/>
      </object_component>
      <object_component id="oc-747">
         <name>.text:close</name>
         <load_address>0x119be</load_address>
         <run_address>0x119be</run_address>
         <size>0x5a</size>
         <input_file_ref idref="fl-8c"/>
      </object_component>
      <object_component id="oc-78a">
         <name>.text:getdevice</name>
         <load_address>0x11a18</load_address>
         <run_address>0x11a18</run_address>
         <size>0x5a</size>
         <input_file_ref idref="fl-90"/>
      </object_component>
      <object_component id="oc-598">
         <name>.text</name>
         <load_address>0x11a72</load_address>
         <run_address>0x11a72</run_address>
         <size>0x58</size>
         <input_file_ref idref="fl-41"/>
      </object_component>
      <object_component id="oc-4b7">
         <name>.text:__TI_auto_init_nobinit_nopinit_hold_wdt:__TI_auto_init_nobinit_nopinit_hold_wdt</name>
         <load_address>0x11aca</load_address>
         <run_address>0x11aca</run_address>
         <size>0x54</size>
         <input_file_ref idref="fl-4a"/>
      </object_component>
      <object_component id="oc-47f">
         <name>.text:getAverage</name>
         <load_address>0x11b1e</load_address>
         <run_address>0x11b1e</run_address>
         <size>0x52</size>
         <input_file_ref idref="fl-2"/>
      </object_component>
      <object_component id="oc-6f7">
         <name>.text:HOSTclose</name>
         <load_address>0x11b70</load_address>
         <run_address>0x11b70</run_address>
         <size>0x4e</size>
         <input_file_ref idref="fl-7d"/>
      </object_component>
      <object_component id="oc-470">
         <name>.text:addSample</name>
         <load_address>0x11bbe</load_address>
         <run_address>0x11bbe</run_address>
         <size>0x4e</size>
         <input_file_ref idref="fl-2"/>
      </object_component>
      <object_component id="oc-499">
         <name>.text:exit</name>
         <load_address>0x11c0c</load_address>
         <run_address>0x11c0c</run_address>
         <size>0x4a</size>
         <input_file_ref idref="fl-4f"/>
      </object_component>
      <object_component id="oc-46a">
         <name>.text:printf</name>
         <load_address>0x11c56</load_address>
         <run_address>0x11c56</run_address>
         <size>0x4a</size>
         <input_file_ref idref="fl-53"/>
      </object_component>
      <object_component id="oc-70f">
         <name>.text:HOSTunlink</name>
         <load_address>0x11ca0</load_address>
         <run_address>0x11ca0</run_address>
         <size>0x46</size>
         <input_file_ref idref="fl-82"/>
      </object_component>
      <object_component id="oc-463">
         <name>.text:rand</name>
         <load_address>0x11ce6</load_address>
         <run_address>0x11ce6</run_address>
         <size>0x40</size>
         <input_file_ref idref="fl-88"/>
      </object_component>
      <object_component id="oc-504">
         <name>.text</name>
         <load_address>0x11d26</load_address>
         <run_address>0x11d26</run_address>
         <size>0x40</size>
         <input_file_ref idref="fl-40"/>
      </object_component>
      <object_component id="oc-76e">
         <name>.text:l_lsl_const</name>
         <load_address>0x11d66</load_address>
         <run_address>0x11d66</run_address>
         <size>0x3e</size>
         <input_file_ref idref="fl-66"/>
      </object_component>
      <object_component id="oc-661">
         <name>.text:lseek</name>
         <load_address>0x11da4</load_address>
         <run_address>0x11da4</run_address>
         <size>0x3e</size>
         <input_file_ref idref="fl-7b"/>
      </object_component>
      <object_component id="oc-5d7">
         <name>.text:write</name>
         <load_address>0x11de2</load_address>
         <run_address>0x11de2</run_address>
         <size>0x3c</size>
         <input_file_ref idref="fl-9a"/>
      </object_component>
      <object_component id="oc-721">
         <name>.text:__mspabi_sllll</name>
         <load_address>0x11e1e</load_address>
         <run_address>0x11e1e</run_address>
         <size>0x3a</size>
         <input_file_ref idref="fl-67"/>
      </object_component>
      <object_component id="oc-6b2">
         <name>.text:__mspabi_srlll</name>
         <load_address>0x11e58</load_address>
         <run_address>0x11e58</run_address>
         <size>0x3a</size>
         <input_file_ref idref="fl-6a"/>
      </object_component>
      <object_component id="oc-67a">
         <name>.text:__TI_cleanup</name>
         <load_address>0x11e92</load_address>
         <run_address>0x11e92</run_address>
         <size>0x36</size>
         <input_file_ref idref="fl-8a"/>
      </object_component>
      <object_component id="oc-75b">
         <name>.text:__TI_writemsg</name>
         <load_address>0x11ec8</load_address>
         <run_address>0x11ec8</run_address>
         <size>0x36</size>
         <input_file_ref idref="fl-84"/>
      </object_component>
      <object_component id="oc-761">
         <name>.text:__TI_readmsg</name>
         <load_address>0x11efe</load_address>
         <run_address>0x11efe</run_address>
         <size>0x32</size>
         <input_file_ref idref="fl-84"/>
      </object_component>
      <object_component id="oc-7b3">
         <name>.text:strncpy</name>
         <load_address>0x11f30</load_address>
         <run_address>0x11f30</run_address>
         <size>0x32</size>
         <input_file_ref idref="fl-96"/>
      </object_component>
      <object_component id="oc-74e">
         <name>.text:unlink</name>
         <load_address>0x11f62</load_address>
         <run_address>0x11f62</run_address>
         <size>0x30</size>
         <input_file_ref idref="fl-98"/>
      </object_component>
      <object_component id="oc-7b9">
         <name>.text:finddevice</name>
         <load_address>0x11f92</load_address>
         <run_address>0x11f92</run_address>
         <size>0x2e</size>
         <input_file_ref idref="fl-90"/>
      </object_component>
      <object_component id="oc-6d7">
         <name>.text:free_list_insert</name>
         <load_address>0x11fc0</load_address>
         <run_address>0x11fc0</run_address>
         <size>0x2c</size>
         <input_file_ref idref="fl-8d"/>
      </object_component>
      <object_component id="oc-6d1">
         <name>.text:free_list_remove</name>
         <load_address>0x11fec</load_address>
         <run_address>0x11fec</run_address>
         <size>0x2a</size>
         <input_file_ref idref="fl-8d"/>
      </object_component>
      <object_component id="oc-5f7">
         <name>.text:memccpy</name>
         <load_address>0x12016</load_address>
         <run_address>0x12016</run_address>
         <size>0x26</size>
         <input_file_ref idref="fl-85"/>
      </object_component>
      <object_component id="oc-3ca">
         <name>.text:decompress:ZI:__TI_zero_init_nomemset:__TI_zero_init_nomemset</name>
         <load_address>0x1203c</load_address>
         <run_address>0x1203c</run_address>
         <size>0x24</size>
         <input_file_ref idref="fl-3f"/>
      </object_component>
      <object_component id="oc-4dd">
         <name>.text</name>
         <load_address>0x12060</load_address>
         <run_address>0x12060</run_address>
         <size>0x24</size>
         <input_file_ref idref="fl-43"/>
      </object_component>
      <object_component id="oc-485">
         <name>.text:getRollingAverage</name>
         <load_address>0x12084</load_address>
         <run_address>0x12084</run_address>
         <size>0x1c</size>
         <input_file_ref idref="fl-2"/>
      </object_component>
      <object_component id="oc-48b">
         <name>.text:getRunningAverage</name>
         <load_address>0x120a0</load_address>
         <run_address>0x120a0</run_address>
         <size>0x1c</size>
         <input_file_ref idref="fl-2"/>
      </object_component>
      <object_component id="oc-7ad">
         <name>.text:strchr</name>
         <load_address>0x120bc</load_address>
         <run_address>0x120bc</run_address>
         <size>0x1c</size>
         <input_file_ref idref="fl-92"/>
      </object_component>
      <object_component id="oc-7d2">
         <name>.text:strcmp</name>
         <load_address>0x120d8</load_address>
         <run_address>0x120d8</run_address>
         <size>0x1c</size>
         <input_file_ref idref="fl-93"/>
      </object_component>
      <object_component id="oc-5b4">
         <name>.text</name>
         <load_address>0x120f4</load_address>
         <run_address>0x120f4</run_address>
         <size>0x18</size>
         <input_file_ref idref="fl-42"/>
      </object_component>
      <object_component id="oc-6cb">
         <name>.text:heap_start</name>
         <load_address>0x1210c</load_address>
         <run_address>0x1210c</run_address>
         <size>0x16</size>
         <input_file_ref idref="fl-8d"/>
      </object_component>
      <object_component id="oc-5cb">
         <name>.text:memchr</name>
         <load_address>0x12122</load_address>
         <run_address>0x12122</run_address>
         <size>0x16</size>
         <input_file_ref idref="fl-86"/>
      </object_component>
      <object_component id="oc-5ea">
         <name>.text:memset</name>
         <load_address>0x12138</load_address>
         <run_address>0x12138</run_address>
         <size>0x16</size>
         <input_file_ref idref="fl-87"/>
      </object_component>
      <object_component id="oc-6ad">
         <name>.text</name>
         <load_address>0x1214e</load_address>
         <run_address>0x1214e</run_address>
         <size>0x16</size>
         <input_file_ref idref="fl-59"/>
      </object_component>
      <object_component id="oc-45d">
         <name>.text:srand</name>
         <load_address>0x12164</load_address>
         <run_address>0x12164</run_address>
         <size>0x16</size>
         <input_file_ref idref="fl-88"/>
      </object_component>
      <object_component id="oc-5ff">
         <name>.text:wcslen</name>
         <load_address>0x1217a</load_address>
         <run_address>0x1217a</run_address>
         <size>0x16</size>
         <input_file_ref idref="fl-99"/>
      </object_component>
      <object_component id="oc-3b8">
         <name>.text:memcpy</name>
         <load_address>0x12190</load_address>
         <run_address>0x12190</run_address>
         <size>0x14</size>
         <input_file_ref idref="fl-52"/>
      </object_component>
      <object_component id="oc-77">
         <name>.text:decompress:none:__TI_decompress_none</name>
         <load_address>0x121a4</load_address>
         <run_address>0x121a4</run_address>
         <size>0x12</size>
         <input_file_ref idref="fl-24"/>
      </object_component>
      <object_component id="oc-777">
         <name>.text:strcpy</name>
         <load_address>0x121b6</load_address>
         <run_address>0x121b6</run_address>
         <size>0x12</size>
         <input_file_ref idref="fl-94"/>
      </object_component>
      <object_component id="oc-727">
         <name>.text:l_lsr</name>
         <load_address>0x121c8</load_address>
         <run_address>0x121c8</run_address>
         <size>0x10</size>
         <input_file_ref idref="fl-69"/>
      </object_component>
      <object_component id="oc-562">
         <name>.text:strlen</name>
         <load_address>0x121d8</load_address>
         <run_address>0x121d8</run_address>
         <size>0xe</size>
         <input_file_ref idref="fl-95"/>
      </object_component>
      <object_component id="oc-674">
         <name>.text:malloc</name>
         <load_address>0x121e6</load_address>
         <run_address>0x121e6</run_address>
         <size>0x8</size>
         <input_file_ref idref="fl-8d"/>
      </object_component>
      <object_component id="oc-4ec">
         <name>.text:_outc</name>
         <load_address>0x121ee</load_address>
         <run_address>0x121ee</run_address>
         <size>0x6</size>
         <input_file_ref idref="fl-53"/>
      </object_component>
      <object_component id="oc-493">
         <name>.text:abort</name>
         <load_address>0x121f4</load_address>
         <run_address>0x121f4</run_address>
         <size>0x6</size>
         <input_file_ref idref="fl-4f"/>
      </object_component>
      <object_component id="oc-4e6">
         <name>.text:_outs</name>
         <load_address>0x121fa</load_address>
         <run_address>0x121fa</run_address>
         <size>0x4</size>
         <input_file_ref idref="fl-53"/>
      </object_component>
      <object_component id="oc-423">
         <name>.text:_system_pre_init</name>
         <load_address>0x121fe</load_address>
         <run_address>0x121fe</run_address>
         <size>0x4</size>
         <input_file_ref idref="fl-4c"/>
      </object_component>
      <object_component id="oc-540">
         <name>.text:_nop</name>
         <load_address>0x12202</load_address>
         <run_address>0x12202</run_address>
         <size>0x2</size>
         <input_file_ref idref="fl-51"/>
      </object_component>
      <object_component id="oc-51f">
         <name>.text:_system_post_cinit</name>
         <load_address>0x12204</load_address>
         <run_address>0x12204</run_address>
         <size>0x2</size>
         <input_file_ref idref="fl-4b"/>
      </object_component>
      <object_component id="oc-476">
         <name>.bss:myData</name>
         <uninitialized>true</uninitialized>
         <run_address>0x1e42</run_address>
         <size>0x20</size>
         <input_file_ref idref="fl-2"/>
      </object_component>
      <object_component id="oc-738">
         <name>.bss</name>
         <uninitialized>true</uninitialized>
         <run_address>0x1e6a</run_address>
         <size>0x4</size>
         <input_file_ref idref="fl-8d"/>
      </object_component>
      <object_component id="oc-74d">
         <name>.common:__TI_tmpnams</name>
         <uninitialized>true</uninitialized>
         <run_address>0x1da2</run_address>
         <size>0xa0</size>
      </object_component>
      <object_component id="oc-758">
         <name>.common:parmbuf</name>
         <uninitialized>true</uninitialized>
         <run_address>0x1e62</run_address>
         <size>0x8</size>
      </object_component>
      <object_component id="oc-4fa">
         <name>.data</name>
         <load_address>0x1d7c</load_address>
         <run_address>0x1d7c</run_address>
         <size>0xa</size>
         <input_file_ref idref="fl-2"/>
      </object_component>
      <object_component id="oc-514">
         <name>.data</name>
         <load_address>0x1d9e</load_address>
         <run_address>0x1d9e</run_address>
         <size>0x2</size>
         <input_file_ref idref="fl-4f"/>
      </object_component>
      <object_component id="oc-51a">
         <name>.data:__TI_cleanup_ptr</name>
         <load_address>0x1d86</load_address>
         <run_address>0x1d86</run_address>
         <size>0x4</size>
         <input_file_ref idref="fl-50"/>
      </object_component>
      <object_component id="oc-517">
         <name>.data:__TI_dtors_ptr</name>
         <load_address>0x1d8a</load_address>
         <run_address>0x1d8a</run_address>
         <size>0x4</size>
         <input_file_ref idref="fl-50"/>
      </object_component>
      <object_component id="oc-4d2">
         <name>.data:_lock</name>
         <load_address>0x1d8e</load_address>
         <run_address>0x1d8e</run_address>
         <size>0x4</size>
         <input_file_ref idref="fl-51"/>
      </object_component>
      <object_component id="oc-4d8">
         <name>.data:_unlock</name>
         <load_address>0x1d92</load_address>
         <run_address>0x1d92</run_address>
         <size>0x4</size>
         <input_file_ref idref="fl-51"/>
      </object_component>
      <object_component id="oc-4e3">
         <name>.data:_ftable</name>
         <load_address>0x1c00</load_address>
         <run_address>0x1c00</run_address>
         <size>0xc8</size>
         <input_file_ref idref="fl-6e"/>
      </object_component>
      <object_component id="oc-6eb">
         <name>.data</name>
         <load_address>0x1d9a</load_address>
         <run_address>0x1d9a</run_address>
         <size>0x2</size>
         <input_file_ref idref="fl-6e"/>
      </object_component>
      <object_component id="oc-605">
         <name>.data</name>
         <load_address>0x1d9c</load_address>
         <run_address>0x1d9c</run_address>
         <size>0x2</size>
         <input_file_ref idref="fl-72"/>
      </object_component>
      <object_component id="oc-68d">
         <name>.data:_device</name>
         <load_address>0x1cc8</load_address>
         <run_address>0x1cc8</run_address>
         <size>0x78</size>
         <input_file_ref idref="fl-7c"/>
      </object_component>
      <object_component id="oc-632">
         <name>.data:_stream</name>
         <load_address>0x1d40</load_address>
         <run_address>0x1d40</run_address>
         <size>0x3c</size>
         <input_file_ref idref="fl-7c"/>
      </object_component>
      <object_component id="oc-4d5">
         <name>.data</name>
         <load_address>0x1d96</load_address>
         <run_address>0x1d96</run_address>
         <size>0x4</size>
         <input_file_ref idref="fl-88"/>
      </object_component>
      <object_component id="oc-73d">
         <name>.data</name>
         <load_address>0x1da0</load_address>
         <run_address>0x1da0</run_address>
         <size>0x2</size>
         <input_file_ref idref="fl-8d"/>
      </object_component>
      <object_component id="oc-3a6">
         <name>.stack</name>
         <uninitialized>true</uninitialized>
         <run_address>0x2300</run_address>
         <size>0x4</size>
         <input_file_ref idref="fl-47"/>
      </object_component>
      <object_component id="oc-856">
         <name>.stack</name>
         <uninitialized>true</uninitialized>
         <run_address>0x2300</run_address>
         <size>0x0</size>
      </object_component>
      <object_component id="oc-7d">
         <name>.int30</name>
         <load_address>0xffcc</load_address>
         <run_address>0xffcc</run_address>
         <size>0x2</size>
         <input_file_ref idref="fl-25"/>
      </object_component>
      <object_component id="oc-7e">
         <name>.int31</name>
         <load_address>0xffce</load_address>
         <run_address>0xffce</run_address>
         <size>0x2</size>
         <input_file_ref idref="fl-27"/>
      </object_component>
      <object_component id="oc-7f">
         <name>.int32</name>
         <load_address>0xffd0</load_address>
         <run_address>0xffd0</run_address>
         <size>0x2</size>
         <input_file_ref idref="fl-28"/>
      </object_component>
      <object_component id="oc-80">
         <name>.int33</name>
         <load_address>0xffd2</load_address>
         <run_address>0xffd2</run_address>
         <size>0x2</size>
         <input_file_ref idref="fl-29"/>
      </object_component>
      <object_component id="oc-81">
         <name>.int34</name>
         <load_address>0xffd4</load_address>
         <run_address>0xffd4</run_address>
         <size>0x2</size>
         <input_file_ref idref="fl-2a"/>
      </object_component>
      <object_component id="oc-82">
         <name>.int35</name>
         <load_address>0xffd6</load_address>
         <run_address>0xffd6</run_address>
         <size>0x2</size>
         <input_file_ref idref="fl-2b"/>
      </object_component>
      <object_component id="oc-83">
         <name>.int36</name>
         <load_address>0xffd8</load_address>
         <run_address>0xffd8</run_address>
         <size>0x2</size>
         <input_file_ref idref="fl-2c"/>
      </object_component>
      <object_component id="oc-84">
         <name>.int37</name>
         <load_address>0xffda</load_address>
         <run_address>0xffda</run_address>
         <size>0x2</size>
         <input_file_ref idref="fl-2d"/>
      </object_component>
      <object_component id="oc-85">
         <name>.int38</name>
         <load_address>0xffdc</load_address>
         <run_address>0xffdc</run_address>
         <size>0x2</size>
         <input_file_ref idref="fl-2e"/>
      </object_component>
      <object_component id="oc-86">
         <name>.int39</name>
         <load_address>0xffde</load_address>
         <run_address>0xffde</run_address>
         <size>0x2</size>
         <input_file_ref idref="fl-2f"/>
      </object_component>
      <object_component id="oc-87">
         <name>.int40</name>
         <load_address>0xffe0</load_address>
         <run_address>0xffe0</run_address>
         <size>0x2</size>
         <input_file_ref idref="fl-30"/>
      </object_component>
      <object_component id="oc-88">
         <name>.int41</name>
         <load_address>0xffe2</load_address>
         <run_address>0xffe2</run_address>
         <size>0x2</size>
         <input_file_ref idref="fl-31"/>
      </object_component>
      <object_component id="oc-89">
         <name>.int42</name>
         <load_address>0xffe4</load_address>
         <run_address>0xffe4</run_address>
         <size>0x2</size>
         <input_file_ref idref="fl-32"/>
      </object_component>
      <object_component id="oc-8a">
         <name>.int43</name>
         <load_address>0xffe6</load_address>
         <run_address>0xffe6</run_address>
         <size>0x2</size>
         <input_file_ref idref="fl-33"/>
      </object_component>
      <object_component id="oc-8b">
         <name>.int44</name>
         <load_address>0xffe8</load_address>
         <run_address>0xffe8</run_address>
         <size>0x2</size>
         <input_file_ref idref="fl-34"/>
      </object_component>
      <object_component id="oc-8c">
         <name>.int45</name>
         <load_address>0xffea</load_address>
         <run_address>0xffea</run_address>
         <size>0x2</size>
         <input_file_ref idref="fl-35"/>
      </object_component>
      <object_component id="oc-8d">
         <name>.int46</name>
         <load_address>0xffec</load_address>
         <run_address>0xffec</run_address>
         <size>0x2</size>
         <input_file_ref idref="fl-36"/>
      </object_component>
      <object_component id="oc-8e">
         <name>.int47</name>
         <load_address>0xffee</load_address>
         <run_address>0xffee</run_address>
         <size>0x2</size>
         <input_file_ref idref="fl-37"/>
      </object_component>
      <object_component id="oc-8f">
         <name>.int48</name>
         <load_address>0xfff0</load_address>
         <run_address>0xfff0</run_address>
         <size>0x2</size>
         <input_file_ref idref="fl-38"/>
      </object_component>
      <object_component id="oc-90">
         <name>.int49</name>
         <load_address>0xfff2</load_address>
         <run_address>0xfff2</run_address>
         <size>0x2</size>
         <input_file_ref idref="fl-39"/>
      </object_component>
      <object_component id="oc-91">
         <name>.int50</name>
         <load_address>0xfff4</load_address>
         <run_address>0xfff4</run_address>
         <size>0x2</size>
         <input_file_ref idref="fl-3a"/>
      </object_component>
      <object_component id="oc-92">
         <name>.int51</name>
         <load_address>0xfff6</load_address>
         <run_address>0xfff6</run_address>
         <size>0x2</size>
         <input_file_ref idref="fl-3b"/>
      </object_component>
      <object_component id="oc-93">
         <name>.int52</name>
         <load_address>0xfff8</load_address>
         <run_address>0xfff8</run_address>
         <size>0x2</size>
         <input_file_ref idref="fl-3c"/>
      </object_component>
      <object_component id="oc-94">
         <name>.int53</name>
         <load_address>0xfffa</load_address>
         <run_address>0xfffa</run_address>
         <size>0x2</size>
         <input_file_ref idref="fl-3d"/>
      </object_component>
      <object_component id="oc-95">
         <name>.int54</name>
         <load_address>0xfffc</load_address>
         <run_address>0xfffc</run_address>
         <size>0x2</size>
         <input_file_ref idref="fl-3e"/>
      </object_component>
      <object_component id="oc-3a9">
         <name>.reset</name>
         <load_address>0xfffe</load_address>
         <run_address>0xfffe</run_address>
         <size>0x2</size>
         <input_file_ref idref="fl-47"/>
      </object_component>
      <object_component id="oc-492">
         <name>.debug_info</name>
         <load_address>0x0</load_address>
         <run_address>0x0</run_address>
         <size>0x276</size>
         <input_file_ref idref="fl-2"/>
      </object_component>
      <object_component id="oc-477">
         <name>.debug_info</name>
         <load_address>0x276</load_address>
         <run_address>0x276</run_address>
         <size>0x103</size>
         <input_file_ref idref="fl-2"/>
      </object_component>
      <object_component id="oc-471">
         <name>.debug_info</name>
         <load_address>0x379</load_address>
         <run_address>0x379</run_address>
         <size>0x1a6</size>
         <input_file_ref idref="fl-2"/>
      </object_component>
      <object_component id="oc-481">
         <name>.debug_info</name>
         <load_address>0x51f</load_address>
         <run_address>0x51f</run_address>
         <size>0x195</size>
         <input_file_ref idref="fl-2"/>
      </object_component>
      <object_component id="oc-487">
         <name>.debug_info</name>
         <load_address>0x6b4</load_address>
         <run_address>0x6b4</run_address>
         <size>0x1d8</size>
         <input_file_ref idref="fl-2"/>
      </object_component>
      <object_component id="oc-48d">
         <name>.debug_info</name>
         <load_address>0x88c</load_address>
         <run_address>0x88c</run_address>
         <size>0x1bd</size>
         <input_file_ref idref="fl-2"/>
      </object_component>
      <object_component id="oc-47b">
         <name>.debug_info</name>
         <load_address>0xa49</load_address>
         <run_address>0xa49</run_address>
         <size>0x1f9</size>
         <input_file_ref idref="fl-2"/>
      </object_component>
      <object_component id="oc-42a">
         <name>.debug_info</name>
         <load_address>0xc42</load_address>
         <run_address>0xc42</run_address>
         <size>0x28c</size>
         <input_file_ref idref="fl-2"/>
      </object_component>
      <object_component id="oc-50e">
         <name>.debug_info</name>
         <load_address>0xece</load_address>
         <run_address>0xece</run_address>
         <size>0x26b</size>
         <input_file_ref idref="fl-2"/>
      </object_component>
      <object_component id="oc-3b3">
         <name>.debug_info</name>
         <load_address>0x1139</load_address>
         <run_address>0x1139</run_address>
         <size>0x84</size>
         <input_file_ref idref="fl-2"/>
      </object_component>
      <object_component id="oc-593">
         <name>.debug_info</name>
         <load_address>0x11bd</load_address>
         <run_address>0x11bd</run_address>
         <size>0x282</size>
         <input_file_ref idref="fl-2"/>
      </object_component>
      <object_component id="oc-4fc">
         <name>.debug_info</name>
         <load_address>0x143f</load_address>
         <run_address>0x143f</run_address>
         <size>0xbb</size>
         <input_file_ref idref="fl-2"/>
      </object_component>
      <object_component id="oc-582">
         <name>.debug_info</name>
         <load_address>0x14fa</load_address>
         <run_address>0x14fa</run_address>
         <size>0x2c</size>
         <input_file_ref idref="fl-2"/>
      </object_component>
      <object_component id="oc-410">
         <name>.debug_info</name>
         <load_address>0x1526</load_address>
         <run_address>0x1526</run_address>
         <size>0x17b</size>
         <input_file_ref idref="fl-23"/>
      </object_component>
      <object_component id="oc-73">
         <name>.debug_info</name>
         <load_address>0x16a1</load_address>
         <run_address>0x16a1</run_address>
         <size>0x250</size>
         <input_file_ref idref="fl-23"/>
      </object_component>
      <object_component id="oc-3ae">
         <name>.debug_info</name>
         <load_address>0x18f1</load_address>
         <run_address>0x18f1</run_address>
         <size>0x60</size>
         <input_file_ref idref="fl-23"/>
      </object_component>
      <object_component id="oc-451">
         <name>.debug_info</name>
         <load_address>0x1951</load_address>
         <run_address>0x1951</run_address>
         <size>0x46</size>
         <input_file_ref idref="fl-23"/>
      </object_component>
      <object_component id="oc-40b">
         <name>.debug_info</name>
         <load_address>0x1997</load_address>
         <run_address>0x1997</run_address>
         <size>0x39</size>
         <input_file_ref idref="fl-23"/>
      </object_component>
      <object_component id="oc-3c4">
         <name>.debug_info</name>
         <load_address>0x19d0</load_address>
         <run_address>0x19d0</run_address>
         <size>0x18f</size>
         <input_file_ref idref="fl-24"/>
      </object_component>
      <object_component id="oc-78">
         <name>.debug_info</name>
         <load_address>0x1b5f</load_address>
         <run_address>0x1b5f</run_address>
         <size>0x1d3</size>
         <input_file_ref idref="fl-24"/>
      </object_component>
      <object_component id="oc-3bf">
         <name>.debug_info</name>
         <load_address>0x1d32</load_address>
         <run_address>0x1d32</run_address>
         <size>0x46</size>
         <input_file_ref idref="fl-24"/>
      </object_component>
      <object_component id="oc-3c7">
         <name>.debug_info</name>
         <load_address>0x1d78</load_address>
         <run_address>0x1d78</run_address>
         <size>0x10f</size>
         <input_file_ref idref="fl-26"/>
      </object_component>
      <object_component id="oc-421">
         <name>.debug_info</name>
         <load_address>0x1e87</load_address>
         <run_address>0x1e87</run_address>
         <size>0x17f</size>
         <input_file_ref idref="fl-3f"/>
      </object_component>
      <object_component id="oc-3cd">
         <name>.debug_info</name>
         <load_address>0x2006</load_address>
         <run_address>0x2006</run_address>
         <size>0x1d7</size>
         <input_file_ref idref="fl-3f"/>
      </object_component>
      <object_component id="oc-41c">
         <name>.debug_info</name>
         <load_address>0x21dd</load_address>
         <run_address>0x21dd</run_address>
         <size>0x46</size>
         <input_file_ref idref="fl-3f"/>
      </object_component>
      <object_component id="oc-507">
         <name>.debug_info</name>
         <load_address>0x2223</load_address>
         <run_address>0x2223</run_address>
         <size>0x138</size>
         <input_file_ref idref="fl-40"/>
      </object_component>
      <object_component id="oc-59a">
         <name>.debug_info</name>
         <load_address>0x235b</load_address>
         <run_address>0x235b</run_address>
         <size>0x123</size>
         <input_file_ref idref="fl-41"/>
      </object_component>
      <object_component id="oc-5b5">
         <name>.debug_info</name>
         <load_address>0x247e</load_address>
         <run_address>0x247e</run_address>
         <size>0x130</size>
         <input_file_ref idref="fl-42"/>
      </object_component>
      <object_component id="oc-4de">
         <name>.debug_info</name>
         <load_address>0x25ae</load_address>
         <run_address>0x25ae</run_address>
         <size>0x130</size>
         <input_file_ref idref="fl-43"/>
      </object_component>
      <object_component id="oc-3a7">
         <name>.debug_info</name>
         <load_address>0x26de</load_address>
         <run_address>0x26de</run_address>
         <size>0x100</size>
         <input_file_ref idref="fl-47"/>
      </object_component>
      <object_component id="oc-3df">
         <name>.debug_info</name>
         <load_address>0x27de</load_address>
         <run_address>0x27de</run_address>
         <size>0x17a</size>
         <input_file_ref idref="fl-47"/>
      </object_component>
      <object_component id="oc-526">
         <name>.debug_info</name>
         <load_address>0x2958</load_address>
         <run_address>0x2958</run_address>
         <size>0x3fc</size>
         <input_file_ref idref="fl-4a"/>
      </object_component>
      <object_component id="oc-4b8">
         <name>.debug_info</name>
         <load_address>0x2d54</load_address>
         <run_address>0x2d54</run_address>
         <size>0x230</size>
         <input_file_ref idref="fl-4a"/>
      </object_component>
      <object_component id="oc-5aa">
         <name>.debug_info</name>
         <load_address>0x2f84</load_address>
         <run_address>0x2f84</run_address>
         <size>0x39</size>
         <input_file_ref idref="fl-4a"/>
      </object_component>
      <object_component id="oc-5bb">
         <name>.debug_info</name>
         <load_address>0x2fbd</load_address>
         <run_address>0x2fbd</run_address>
         <size>0x2c</size>
         <input_file_ref idref="fl-4a"/>
      </object_component>
      <object_component id="oc-531">
         <name>.debug_info</name>
         <load_address>0x2fe9</load_address>
         <run_address>0x2fe9</run_address>
         <size>0x2c</size>
         <input_file_ref idref="fl-4a"/>
      </object_component>
      <object_component id="oc-5af">
         <name>.debug_info</name>
         <load_address>0x3015</load_address>
         <run_address>0x3015</run_address>
         <size>0xcd</size>
         <input_file_ref idref="fl-4a"/>
      </object_component>
      <object_component id="oc-520">
         <name>.debug_info</name>
         <load_address>0x30e2</load_address>
         <run_address>0x30e2</run_address>
         <size>0x150</size>
         <input_file_ref idref="fl-4b"/>
      </object_component>
      <object_component id="oc-424">
         <name>.debug_info</name>
         <load_address>0x3232</load_address>
         <run_address>0x3232</run_address>
         <size>0x153</size>
         <input_file_ref idref="fl-4c"/>
      </object_component>
      <object_component id="oc-413">
         <name>.debug_info</name>
         <load_address>0x3385</load_address>
         <run_address>0x3385</run_address>
         <size>0x2c</size>
         <input_file_ref idref="fl-4d"/>
      </object_component>
      <object_component id="oc-51e">
         <name>.debug_info</name>
         <load_address>0x33b1</load_address>
         <run_address>0x33b1</run_address>
         <size>0x233</size>
         <input_file_ref idref="fl-4f"/>
      </object_component>
      <object_component id="oc-515">
         <name>.debug_info</name>
         <load_address>0x35e4</load_address>
         <run_address>0x35e4</run_address>
         <size>0x132</size>
         <input_file_ref idref="fl-4f"/>
      </object_component>
      <object_component id="oc-495">
         <name>.debug_info</name>
         <load_address>0x3716</load_address>
         <run_address>0x3716</run_address>
         <size>0x122</size>
         <input_file_ref idref="fl-4f"/>
      </object_component>
      <object_component id="oc-49d">
         <name>.debug_info</name>
         <load_address>0x3838</load_address>
         <run_address>0x3838</run_address>
         <size>0x197</size>
         <input_file_ref idref="fl-4f"/>
      </object_component>
      <object_component id="oc-5a2">
         <name>.debug_info</name>
         <load_address>0x39cf</load_address>
         <run_address>0x39cf</run_address>
         <size>0x103</size>
         <input_file_ref idref="fl-50"/>
      </object_component>
      <object_component id="oc-51b">
         <name>.debug_info</name>
         <load_address>0x3ad2</load_address>
         <run_address>0x3ad2</run_address>
         <size>0x11a</size>
         <input_file_ref idref="fl-50"/>
      </object_component>
      <object_component id="oc-518">
         <name>.debug_info</name>
         <load_address>0x3bec</load_address>
         <run_address>0x3bec</run_address>
         <size>0x116</size>
         <input_file_ref idref="fl-50"/>
      </object_component>
      <object_component id="oc-548">
         <name>.debug_info</name>
         <load_address>0x3d02</load_address>
         <run_address>0x3d02</run_address>
         <size>0x168</size>
         <input_file_ref idref="fl-51"/>
      </object_component>
      <object_component id="oc-4d3">
         <name>.debug_info</name>
         <load_address>0x3e6a</load_address>
         <run_address>0x3e6a</run_address>
         <size>0xff</size>
         <input_file_ref idref="fl-51"/>
      </object_component>
      <object_component id="oc-4d9">
         <name>.debug_info</name>
         <load_address>0x3f69</load_address>
         <run_address>0x3f69</run_address>
         <size>0x103</size>
         <input_file_ref idref="fl-51"/>
      </object_component>
      <object_component id="oc-541">
         <name>.debug_info</name>
         <load_address>0x406c</load_address>
         <run_address>0x406c</run_address>
         <size>0x12e</size>
         <input_file_ref idref="fl-51"/>
      </object_component>
      <object_component id="oc-412">
         <name>.debug_info</name>
         <load_address>0x419a</load_address>
         <run_address>0x419a</run_address>
         <size>0x19a</size>
         <input_file_ref idref="fl-52"/>
      </object_component>
      <object_component id="oc-3ba">
         <name>.debug_info</name>
         <load_address>0x4334</load_address>
         <run_address>0x4334</run_address>
         <size>0x17a</size>
         <input_file_ref idref="fl-52"/>
      </object_component>
      <object_component id="oc-4f9">
         <name>.debug_info</name>
         <load_address>0x44ae</load_address>
         <run_address>0x44ae</run_address>
         <size>0x2d6</size>
         <input_file_ref idref="fl-53"/>
      </object_component>
      <object_component id="oc-4ed">
         <name>.debug_info</name>
         <load_address>0x4784</load_address>
         <run_address>0x4784</run_address>
         <size>0x162</size>
         <input_file_ref idref="fl-53"/>
      </object_component>
      <object_component id="oc-4e9">
         <name>.debug_info</name>
         <load_address>0x48e6</load_address>
         <run_address>0x48e6</run_address>
         <size>0x166</size>
         <input_file_ref idref="fl-53"/>
      </object_component>
      <object_component id="oc-46e">
         <name>.debug_info</name>
         <load_address>0x4a4c</load_address>
         <run_address>0x4a4c</run_address>
         <size>0x184</size>
         <input_file_ref idref="fl-53"/>
      </object_component>
      <object_component id="oc-58e">
         <name>.debug_info</name>
         <load_address>0x4bd0</load_address>
         <run_address>0x4bd0</run_address>
         <size>0xb2</size>
         <input_file_ref idref="fl-53"/>
      </object_component>
      <object_component id="oc-581">
         <name>.debug_info</name>
         <load_address>0x4c82</load_address>
[...]
         <object_component_ref idref="oc-485"/>
      </symbol>
      <symbol id="sm-3da">
         <name>addSample</name>
         <value>0x11bbe</value>
         <object_component_ref idref="oc-470"/>
      </symbol>
      <symbol id="sm-3fd">
         <name>__TI_decompress_lzss</name>
         <value>0x11506</value>
         <object_component_ref idref="oc-71"/>
      </symbol>
      <symbol id="sm-40e">
         <name>__TI_decompress_none</name>
         <value>0x121a4</value>
         <object_component_ref idref="oc-77"/>
      </symbol>
      <symbol id="sm-411">
         <name>__TI_int30</name>
         <value>0xffcc</value>
         <object_component_ref idref="oc-7d"/>
      </symbol>
      <symbol id="sm-419">
         <name>__TI_ISR_TRAP</name>
         <value>0x481c</value>
         <object_component_ref idref="oc-3c5"/>
      </symbol>
      <symbol id="sm-41c">
         <name>__TI_int31</name>
         <value>0xffce</value>
         <object_component_ref idref="oc-7e"/>
      </symbol>
      <symbol id="sm-41f">
         <name>__TI_int32</name>
         <value>0xffd0</value>
         <object_component_ref idref="oc-7f"/>
      </symbol>
      <symbol id="sm-422">
         <name>__TI_int33</name>
         <value>0xffd2</value>
         <object_component_ref idref="oc-80"/>
      </symbol>
      <symbol id="sm-425">
         <name>__TI_int34</name>
         <value>0xffd4</value>
         <object_component_ref idref="oc-81"/>
      </symbol>
      <symbol id="sm-428">
         <name>__TI_int35</name>
         <value>0xffd6</value>
         <object_component_ref idref="oc-82"/>
      </symbol>
      <symbol id="sm-42b">
         <name>__TI_int36</name>
         <value>0xffd8</value>
         <object_component_ref idref="oc-83"/>
      </symbol>
      <symbol id="sm-42e">
         <name>__TI_int37</name>
         <value>0xffda</value>
         <object_component_ref idref="oc-84"/>
      </symbol>
      <symbol id="sm-431">
         <name>__TI_int38</name>
         <value>0xffdc</value>
         <object_component_ref idref="oc-85"/>
      </symbol>
      <symbol id="sm-434">
         <name>__TI_int39</name>
         <value>0xffde</value>
         <object_component_ref idref="oc-86"/>
      </symbol>
      <symbol id="sm-437">
         <name>__TI_int40</name>
         <value>0xffe0</value>
         <object_component_ref idref="oc-87"/>
      </symbol>
      <symbol id="sm-43a">
         <name>__TI_int41</name>
         <value>0xffe2</value>
         <object_component_ref idref="oc-88"/>
      </symbol>
      <symbol id="sm-43d">
         <name>__TI_int42</name>
         <value>0xffe4</value>
         <object_component_ref idref="oc-89"/>
      </symbol>
      <symbol id="sm-440">
         <name>__TI_int43</name>
         <value>0xffe6</value>
         <object_component_ref idref="oc-8a"/>
      </symbol>
      <symbol id="sm-443">
         <name>__TI_int44</name>
         <value>0xffe8</value>
         <object_component_ref idref="oc-8b"/>
      </symbol>
      <symbol id="sm-446">
         <name>__TI_int45</name>
         <value>0xffea</value>
         <object_component_ref idref="oc-8c"/>
      </symbol>
      <symbol id="sm-449">
         <name>__TI_int46</name>
         <value>0xffec</value>
         <object_component_ref idref="oc-8d"/>
      </symbol>
      <symbol id="sm-44c">
         <name>__TI_int47</name>
         <value>0xffee</value>
         <object_component_ref idref="oc-8e"/>
      </symbol>
      <symbol id="sm-44f">
         <name>__TI_int48</name>
         <value>0xfff0</value>
         <object_component_ref idref="oc-8f"/>
      </symbol>
      <symbol id="sm-452">
         <name>__TI_int49</name>
         <value>0xfff2</value>
         <object_component_ref idref="oc-90"/>
      </symbol>
      <symbol id="sm-455">
         <name>__TI_int50</name>
         <value>0xfff4</value>
         <object_component_ref idref="oc-91"/>
      </symbol>
      <symbol id="sm-458">
         <name>__TI_int51</name>
         <value>0xfff6</value>
         <object_component_ref idref="oc-92"/>
      </symbol>
      <symbol id="sm-45b">
         <name>__TI_int52</name>
         <value>0xfff8</value>
         <object_component_ref idref="oc-93"/>
      </symbol>
      <symbol id="sm-45e">
         <name>__TI_int53</name>
         <value>0xfffa</value>
         <object_component_ref idref="oc-94"/>
      </symbol>
      <symbol id="sm-461">
         <name>__TI_int54</name>
         <value>0xfffc</value>
         <object_component_ref idref="oc-95"/>
      </symbol>
      <symbol id="sm-474">
         <name>__TI_zero_init_nomemset</name>
         <value>0x1203c</value>
         <object_component_ref idref="oc-3ca"/>
      </symbol>
      <symbol id="sm-480">
         <name>__mspabi_remli</name>
         <value>0x11d26</value>
         <object_component_ref idref="oc-504"/>
      </symbol>
      <symbol id="sm-481">
         <name>__mspabi_divli</name>
         <value>0x11d26</value>
         <object_component_ref idref="oc-504"/>
      </symbol>
      <symbol id="sm-48f">
         <name>__mspabi_remul</name>
         <value>0x11a72</value>
         <object_component_ref idref="oc-598"/>
      </symbol>
      <symbol id="sm-490">
         <name>__mspabi_divul</name>
         <value>0x11a72</value>
         <object_component_ref idref="oc-598"/>
      </symbol>
      <symbol id="sm-498">
         <name>__mspabi_mpyi_f5hw</name>
         <value>0x120f4</value>
         <object_component_ref idref="oc-5b4"/>
      </symbol>
      <symbol id="sm-4a0">
         <name>__mspabi_mpyl_f5hw</name>
         <value>0x12060</value>
         <object_component_ref idref="oc-4dd"/>
      </symbol>
      <symbol id="sm-4b3">
         <name>_stack</name>
         <value>0x2300</value>
         <object_component_ref idref="oc-3a6"/>
      </symbol>
      <symbol id="sm-4b4">
         <name>_c_int00_noargs</name>
         <value>0x4800</value>
         <object_component_ref idref="oc-3dc"/>
      </symbol>
      <symbol id="sm-4b5">
         <name>_reset_vector</name>
         <value>0xfffe</value>
         <object_component_ref idref="oc-3a9"/>
      </symbol>
      <symbol id="sm-4da">
         <name>__TI_auto_init_nobinit_nopinit_hold_wdt</name>
         <value>0x11aca</value>
         <object_component_ref idref="oc-4b7"/>
      </symbol>
      <symbol id="sm-4e3">
         <name>_system_post_cinit</name>
         <value>0x12204</value>
         <object_component_ref idref="oc-51f"/>
      </symbol>
      <symbol id="sm-4ec">
         <name>_system_pre_init</name>
         <value>0x121fe</value>
         <object_component_ref idref="oc-423"/>
      </symbol>
      <symbol id="sm-510">
         <name>C$$EXIT</name>
         <value>0x121f4</value>
         <object_component_ref idref="oc-493"/>
      </symbol>
      <symbol id="sm-511">
         <name>abort</name>
         <value>0x121f4</value>
         <object_component_ref idref="oc-493"/>
      </symbol>
      <symbol id="sm-512">
         <name>__TI_enable_exit_profile_output</name>
         <value>0x1d9e</value>
         <object_component_ref idref="oc-514"/>
      </symbol>
      <symbol id="sm-513">
         <name>exit</name>
         <value>0x11c0c</value>
         <object_component_ref idref="oc-499"/>
      </symbol>
      <symbol id="sm-522">
         <name>__TI_dtors_ptr</name>
         <value>0x1d8a</value>
         <object_component_ref idref="oc-517"/>
      </symbol>
      <symbol id="sm-523">
         <name>__TI_cleanup_ptr</name>
         <value>0x1d86</value>
         <object_component_ref idref="oc-51a"/>
      </symbol>
      <symbol id="sm-539">
         <name>_nop</name>
         <value>0x12202</value>
         <object_component_ref idref="oc-540"/>
      </symbol>
      <symbol id="sm-53a">
         <name>_lock</name>
         <value>0x1d8e</value>
         <object_component_ref idref="oc-4d2"/>
      </symbol>
      <symbol id="sm-53b">
         <name>_unlock</name>
         <value>0x1d92</value>
         <object_component_ref idref="oc-4d8"/>
      </symbol>
      <symbol id="sm-549">
         <name>memcpy</name>
         <value>0x12190</value>
         <object_component_ref idref="oc-3b8"/>
      </symbol>
      <symbol id="sm-56c">
         <name>printf</name>
         <value>0x11c56</value>
         <object_component_ref idref="oc-46a"/>
      </symbol>
      <symbol id="sm-656">
         <name>__TI_printfi_nofloat</name>
         <value>0x1034e</value>
         <object_component_ref idref="oc-4f2"/>
      </symbol>
      <symbol id="sm-664">
         <name>__mspabi_remu</name>
         <value>0x1214e</value>
         <object_component_ref idref="oc-6ad"/>
      </symbol>
      <symbol id="sm-665">
         <name>__mspabi_divu</name>
         <value>0x1214e</value>
         <object_component_ref idref="oc-6ad"/>
      </symbol>
      <symbol id="sm-698">
         <name>__mspabi_divull</name>
         <value>0x10000</value>
         <object_component_ref idref="oc-6a7"/>
      </symbol>
      <symbol id="sm-6ab">
         <name>__mspabi_slll_9</name>
         <value>0x11d7e</value>
         <object_component_ref idref="oc-76e"/>
      </symbol>
      <symbol id="sm-6ac">
         <name>__mspabi_slll_8</name>
         <value>0x11d82</value>
         <object_component_ref idref="oc-76e"/>
      </symbol>
      <symbol id="sm-6ad">
         <name>__mspabi_slll_7</name>
         <value>0x11d86</value>
         <object_component_ref idref="oc-76e"/>
      </symbol>
      <symbol id="sm-6ae">
         <name>__mspabi_slll_6</name>
         <value>0x11d8a</value>
         <object_component_ref idref="oc-76e"/>
      </symbol>
      <symbol id="sm-6af">
         <name>__mspabi_slll_5</name>
         <value>0x11d8e</value>
         <object_component_ref idref="oc-76e"/>
      </symbol>
      <symbol id="sm-6b0">
         <name>__mspabi_slll_4</name>
         <value>0x11d92</value>
         <object_component_ref idref="oc-76e"/>
      </symbol>
      <symbol id="sm-6b1">
         <name>__mspabi_slll_3</name>
         <value>0x11d96</value>
         <object_component_ref idref="oc-76e"/>
      </symbol>
      <symbol id="sm-6b2">
         <name>__mspabi_slll_2</name>
         <value>0x11d9a</value>
         <object_component_ref idref="oc-76e"/>
      </symbol>
      <symbol id="sm-6b3">
         <name>__mspabi_slll_1</name>
         <value>0x11d9e</value>
         <object_component_ref idref="oc-76e"/>
      </symbol>
      <symbol id="sm-6b4">
         <name>__mspabi_slll_15</name>
         <value>0x11d66</value>
         <object_component_ref idref="oc-76e"/>
      </symbol>
      <symbol id="sm-6b5">
         <name>__mspabi_slll_14</name>
         <value>0x11d6a</value>
         <object_component_ref idref="oc-76e"/>
      </symbol>
      <symbol id="sm-6b6">
         <name>__mspabi_slll_13</name>
         <value>0x11d6e</value>
         <object_component_ref idref="oc-76e"/>
      </symbol>
      <symbol id="sm-6b7">
         <name>__mspabi_slll_12</name>
         <value>0x11d72</value>
         <object_component_ref idref="oc-76e"/>
      </symbol>
      <symbol id="sm-6b8">
         <name>__mspabi_slll_11</name>
         <value>0x11d76</value>
         <object_component_ref idref="oc-76e"/>
      </symbol>
      <symbol id="sm-6b9">
         <name>__mspabi_slll_10</name>
         <value>0x11d7a</value>
         <object_component_ref idref="oc-76e"/>
      </symbol>
      <symbol id="sm-6c6">
         <name>__mspabi_sllll</name>
         <value>0x11e1e</value>
         <object_component_ref idref="oc-721"/>
      </symbol>
      <symbol id="sm-6d1">
         <name>__mspabi_srll</name>
         <value>0x121c8</value>
         <object_component_ref idref="oc-727"/>
      </symbol>
      <symbol id="sm-6de">
         <name>__mspabi_srlll</name>
         <value>0x11e58</value>
         <object_component_ref idref="oc-6b2"/>
      </symbol>
      <symbol id="sm-6f1">
         <name>__TI_tmpnams</name>
         <value>0x1da2</value>
      </symbol>
      <symbol id="sm-6f2">
         <name>_ftable</name>
         <value>0x1c00</value>
         <object_component_ref idref="oc-4e3"/>
      </symbol>
      <symbol id="sm-6f3">
         <name>__TI_ft_end</name>
         <value>0x1d9a</value>
         <object_component_ref idref="oc-6eb"/>
      </symbol>
      <symbol id="sm-707">
         <name>atoi</name>
         <value>0x1195c</value>
         <object_component_ref idref="oc-5e3"/>
      </symbol>
      <symbol id="sm-711">
         <name>_ctypes_</name>
         <value>0x4824</value>
         <object_component_ref idref="oc-63d"/>
      </symbol>
      <symbol id="sm-718">
         <name>errno</name>
         <value>0x1d9c</value>
         <object_component_ref idref="oc-605"/>
      </symbol>
      <symbol id="sm-72b">
         <name>putc</name>
         <value>0x113f8</value>
         <object_component_ref idref="oc-55b"/>
      </symbol>
      <symbol id="sm-72c">
         <name>fputc</name>
         <value>0x113f8</value>
         <object_component_ref idref="oc-55b"/>
      </symbol>
      <symbol id="sm-73d">
         <name>__TI_doflush</name>
         <value>0x118f8</value>
         <object_component_ref idref="oc-5d1"/>
      </symbol>
      <symbol id="sm-755">
         <name>__TI_wrt_ok</name>
         <value>0x11488</value>
         <object_component_ref idref="oc-5c5"/>
      </symbol>
      <symbol id="sm-76d">
         <name>fputs</name>
         <value>0x10da4</value>
         <object_component_ref idref="oc-554"/>
      </symbol>
      <symbol id="sm-783">
         <name>fseeko</name>
         <value>0x1188e</value>
         <object_component_ref idref="oc-620"/>
      </symbol>
      <symbol id="sm-784">
         <name>fseek</name>
         <value>0x1188e</value>
         <object_component_ref idref="oc-620"/>
      </symbol>
      <symbol id="sm-79e">
         <name>lseek</name>
         <value>0x11da4</value>
         <object_component_ref idref="oc-661"/>
      </symbol>
      <symbol id="sm-7ad">
         <name>_stream</name>
         <value>0x1d40</value>
         <object_component_ref idref="oc-632"/>
      </symbol>
      <symbol id="sm-7ae">
         <name>_device</name>
         <value>0x1cc8</value>
         <object_component_ref idref="oc-68d"/>
      </symbol>
      <symbol id="sm-7ba">
         <name>HOSTclose</name>
         <value>0x11b70</value>
         <object_component_ref idref="oc-6f7"/>
      </symbol>
      <symbol id="sm-7c6">
         <name>HOSTlseek</name>
         <value>0x1135e</value>
         <object_component_ref idref="oc-709"/>
      </symbol>
      <symbol id="sm-7d4">
         <name>parmbuf</name>
         <value>0x1e62</value>
      </symbol>
      <symbol id="sm-7d5">
         <name>HOSTopen</name>
         <value>0x116d8</value>
         <object_component_ref idref="oc-6f1"/>
      </symbol>
      <symbol id="sm-7e2">
         <name>HOSTread</name>
         <value>0x11824</value>
         <object_component_ref idref="oc-6fd"/>
      </symbol>
      <symbol id="sm-7ee">
         <name>HOSTrename</name>
         <value>0x1157c</value>
         <object_component_ref idref="oc-715"/>
      </symbol>
      <symbol id="sm-7fa">
         <name>HOSTunlink</name>
         <value>0x11ca0</value>
         <object_component_ref idref="oc-70f"/>
      </symbol>
      <symbol id="sm-807">
         <name>HOSTwrite</name>
         <value>0x117b8</value>
         <object_component_ref idref="oc-703"/>
      </symbol>
      <symbol id="sm-825">
         <name>__TI_readmsg</name>
         <value>0x11efe</value>
         <object_component_ref idref="oc-761"/>
      </symbol>
      <symbol id="sm-826">
         <name>C$$IO$$</name>
         <value>0x11efa</value>
         <object_component_ref idref="oc-75b"/>
      </symbol>
      <symbol id="sm-827">
         <name>_CIOBUF_</name>
         <value>0x4400</value>
         <object_component_ref idref="oc-796"/>
      </symbol>
      <symbol id="sm-828">
         <name>__TI_writemsg</name>
         <value>0x11ec8</value>
         <object_component_ref idref="oc-75b"/>
      </symbol>
      <symbol id="sm-837">
         <name>memccpy</name>
         <value>0x12016</value>
         <object_component_ref idref="oc-5f7"/>
      </symbol>
      <symbol id="sm-846">
         <name>memchr</name>
         <value>0x12122</value>
         <object_component_ref idref="oc-5cb"/>
      </symbol>
      <symbol id="sm-854">
         <name>memset</name>
         <value>0x12138</value>
         <object_component_ref idref="oc-5ea"/>
      </symbol>
      <symbol id="sm-86d">
         <name>rand</name>
         <value>0x11ce6</value>
         <object_component_ref idref="oc-463"/>
      </symbol>
      <symbol id="sm-86e">
         <name>srand</name>
         <value>0x12164</value>
         <object_component_ref idref="oc-45d"/>
      </symbol>
      <symbol id="sm-886">
         <name>setvbuf</name>
         <value>0x11060</value>
         <object_component_ref idref="oc-626"/>
      </symbol>
      <symbol id="sm-897">
         <name>__TI_cleanup</name>
         <value>0x11e92</value>
         <object_component_ref idref="oc-67a"/>
      </symbol>
      <symbol id="sm-8a8">
         <name>__TI_closefile</name>
         <value>0x115f0</value>
         <object_component_ref idref="oc-6e5"/>
      </symbol>
      <symbol id="sm-8ba">
         <name>close</name>
         <value>0x119be</value>
         <object_component_ref idref="oc-747"/>
      </symbol>
      <symbol id="sm-93a">
         <name>_sys_memory</name>
         <value>0x4520</value>
         <object_component_ref idref="oc-3aa"/>
      </symbol>
      <symbol id="sm-93b">
         <name>free</name>
         <value>0x10f7e</value>
         <object_component_ref idref="oc-66e"/>
      </symbol>
      <symbol id="sm-93c">
         <name>memalign</name>
         <value>0x10c92</value>
         <object_component_ref idref="oc-6de"/>
      </symbol>
      <symbol id="sm-93d">
         <name>malloc</name>
         <value>0x121e6</value>
         <object_component_ref idref="oc-674"/>
      </symbol>
      <symbol id="sm-93e">
         <name>aligned_alloc</name>
         <value>0x10c92</value>
         <object_component_ref idref="oc-6de"/>
      </symbol>
      <symbol id="sm-964">
         <name>finddevice</name>
         <value>0x11f92</value>
         <object_component_ref idref="oc-7b9"/>
      </symbol>
      <symbol id="sm-965">
         <name>getdevice</name>
         <value>0x11a18</value>
         <object_component_ref idref="oc-78a"/>
      </symbol>
      <symbol id="sm-975">
         <name>strchr</name>
         <value>0x120bc</value>
         <object_component_ref idref="oc-7ad"/>
      </symbol>
      <symbol id="sm-983">
         <name>strcmp</name>
         <value>0x120d8</value>
         <object_component_ref idref="oc-7d2"/>
      </symbol>
      <symbol id="sm-990">
         <name>strcpy</name>
         <value>0x121b6</value>
         <object_component_ref idref="oc-777"/>
      </symbol>
      <symbol id="sm-99d">
         <name>strlen</name>
         <value>0x121d8</value>
         <object_component_ref idref="oc-562"/>
      </symbol>
      <symbol id="sm-9ad">
         <name>strncpy</name>
         <value>0x11f30</value>
         <object_component_ref idref="oc-7b3"/>
      </symbol>
      <symbol id="sm-9ba">
         <name>unlink</name>
         <value>0x11f62</value>
         <object_component_ref idref="oc-74e"/>
      </symbol>
      <symbol id="sm-9d2">
         <name>wcslen</name>
         <value>0x1217a</value>
         <object_component_ref idref="oc-5ff"/>
      </symbol>
      <symbol id="sm-9e0">
         <name>write</name>
         <value>0x11de2</value>
         <object_component_ref idref="oc-5d7"/>
      </symbol>
      <symbol id="sm-9e5">
         <name>remove</name>
         <value>0x11f62</value>
      </symbol>
   </symbol_table>
   <title>Link successful</title>
</link_info>
